2026-08-22 11:53:04 - emm_dti - INFO - setup_logging:63 - Logging initialized. Log directory: /mnt/d/Projects/EMM_DTI_Replication/debug_logs/20260822_115304
2026-08-22 11:53:04 - emm_dti - INFO - debug_training:31 - ================================================================================
2026-08-22 11:53:04 - emm_dti - INFO - debug_training:32 - EMM-DTI DEBUG TRAINING - ENZYME DATASET
2026-08-22 11:53:04 - emm_dti - INFO - debug_training:33 - ================================================================================
2026-08-22 11:53:06 - emm_dti.utils.device - INFO - get_device:32 - CUDA available. Using GPU: NVIDIA GeForce GTX 1650
2026-08-22 11:53:06 - emm_dti - INFO - debug_training:37 - Device: cuda
2026-08-22 11:53:06 - emm_dti.utils.device - INFO - print_device_info:44 - ============================================================
2026-08-22 11:53:06 - emm_dti.utils.device - INFO - print_device_info:45 - Device Information
2026-08-22 11:53:06 - emm_dti.utils.device - INFO - print_device_info:46 - ============================================================
2026-08-22 11:53:06 - emm_dti.utils.device - INFO - print_device_info:47 - PyTorch version: 2.2.2+cu121
2026-08-22 11:53:06 - emm_dti.utils.device - INFO - print_device_info:48 - CUDA available: True
2026-08-22 11:53:06 - emm_dti.utils.device - INFO - print_device_info:51 - CUDA version: 12.1
2026-08-22 11:53:06 - emm_dti.utils.device - INFO - print_device_info:52 - Number of GPUs: 1
2026-08-22 11:53:06 - emm_dti.utils.device - INFO - print_device_info:55 -   GPU 0: NVIDIA GeForce GTX 1650 (4.3 GB)
2026-08-22 11:53:06 - emm_dti.utils.device - INFO - print_device_info:60 - CPUs available: 6
2026-08-22 11:53:06 - emm_dti.utils.device - INFO - print_device_info:61 - ============================================================
2026-08-22 11:53:06 - emm_dti - INFO - debug_training:46 - 
================================================================================
2026-08-22 11:53:06 - emm_dti - INFO - debug_training:47 - STEP 1: LOADING DATA
2026-08-22 11:53:06 - emm_dti - INFO - debug_training:48 - ================================================================================
2026-08-22 11:53:06 - emm_dti - INFO - debug_training:51 - Data directory: /mnt/d/Projects/EMM_DTI_Replication/data/enzyme
2026-08-22 11:53:06 - emm_dti - INFO - debug_training:52 - Data directory exists: True
2026-08-22 11:53:06 - emm_dti - INFO - debug_training:55 - Files in directory:
2026-08-22 11:53:06 - emm_dti - INFO - debug_training:57 -   - drugs.csv: 5847 rows
2026-08-22 11:53:07 - emm_dti - INFO - debug_training:57 -   - interactions.csv: 5847 rows
2026-08-22 11:53:07 - emm_dti - INFO - debug_training:57 -   - proteins.csv: 5847 rows
2026-08-22 11:53:07 - emm_dti.data.loaders - INFO - _load_data:204 - Loading data from /mnt/d/Projects/EMM_DTI_Replication/data/enzyme
2026-08-22 11:53:07 - emm_dti.data.loaders - INFO - _load_data:228 - Loaded 5847 drugs, 5847 proteins, 5847 interactions
2026-08-22 11:53:07 - emm_dti.data.loaders - INFO - _create_fcs_vocabulary:245 - Loading cached FCS patterns from /mnt/d/Projects/EMM_DTI_Replication/data/enzyme/.fcs_cache.pkl
2026-08-22 11:53:07 - emm_dti.models.fcs - INFO - build_from_fcs:191 - Built fragment vocabulary with 84 tokens
2026-08-22 11:53:07 - emm_dti.data.loaders - INFO - _create_fcs_vocabulary:253 - Loaded 84 patterns from cache
2026-08-22 11:53:07 - emm_dti.data.loaders - INFO - __init__:200 - Data module initialized with 5847 total samples
2026-08-22 11:53:07 - emm_dti - INFO - debug_training:67 - ✓ Data loaded successfully
2026-08-22 11:53:07 - emm_dti - INFO - debug_training:68 -   Vocab size: 84
2026-08-22 11:53:07 - emm_dti - INFO - debug_training:70 -   FCS patterns: 82
2026-08-22 11:53:07 - emm_dti - INFO - debug_training:71 -   FCS patterns by length: [(1, 16), (2, 28), (3, 38)]
2026-08-22 11:53:07 - emm_dti - INFO - debug_training:80 - 
================================================================================
2026-08-22 11:53:07 - emm_dti - INFO - debug_training:81 - STEP 2: CREATING DATA LOADERS
2026-08-22 11:53:07 - emm_dti - INFO - debug_training:82 - ================================================================================
2026-08-22 11:53:07 - emm_dti.data.loaders - INFO - create_loaders:357 - Creating DataLoaders via random split...
2026-08-22 11:53:07 - emm_dti.data.loaders - INFO - __init__:63 - Initialized DTIDataset with 5847 samples (vocab_size=84, fcs_patterns=82)
2026-08-22 11:53:07 - emm_dti.data.loaders - INFO - create_loaders:370 - Loaded splits: train=4,092, val=1,169, test=586
2026-08-22 11:53:07 - emm_dti - INFO - debug_training:90 - Train loader: 256 batches
2026-08-22 11:53:07 - emm_dti - INFO - debug_training:91 - Val loader: 74 batches
2026-08-22 11:53:07 - emm_dti - INFO - debug_training:92 - Test loader: 37 batches
2026-08-22 11:53:07 - emm_dti - INFO - debug_training:95 - 
Sample batch from training set:
2026-08-22 11:53:07 - emm_dti - INFO - debug_training:97 -   Drug indices shape: torch.Size([16, 100])
2026-08-22 11:53:07 - emm_dti - INFO - debug_training:98 -   Protein indices shape: torch.Size([16, 200])
2026-08-22 11:53:07 - emm_dti - INFO - debug_training:99 -   Labels shape: torch.Size([16])
2026-08-22 11:53:07 - emm_dti - INFO - debug_training:100 -   Drug indices range: [0, 83]
2026-08-22 11:53:07 - emm_dti - INFO - debug_training:101 -   Protein indices range: [0, 53]
2026-08-22 11:53:07 - emm_dti - INFO - debug_training:102 -   Labels unique values: tensor([0., 1.])
2026-08-22 11:53:07 - emm_dti - INFO - debug_training:105 - 
================================================================================
2026-08-22 11:53:07 - emm_dti - INFO - debug_training:106 - STEP 3: INITIALIZING MODEL
2026-08-22 11:53:07 - emm_dti - INFO - debug_training:107 - ================================================================================
2026-08-22 11:53:08 - emm_dti.models.mamba_ssm - INFO - __init__:116 - BidirectionalMambaSSM initialized: input_dim=128, hidden_dim=256, d_state=16, n_layers=2
2026-08-22 11:53:08 - emm_dti.models.mamba_ssm - INFO - __init__:116 - BidirectionalMambaSSM initialized: input_dim=128, hidden_dim=256, d_state=16, n_layers=2
2026-08-22 11:53:08 - emm_dti.models.emm_dti - INFO - __init__:159 - EMM-DTI model initialized with 4,017,183 parameters (Bidirectional Mamba-SSM, official Selective StateSpaceModel library)
2026-08-22 11:53:08 - emm_dti - INFO - debug_training:119 - ✓ Model created
2026-08-22 11:53:08 - emm_dti - INFO - debug_training:120 - EMM-DTI(
  Architecture: FCS → Embedding → Mamba-SSM → Interaction Matrix → CNN → MLP
  Mamba Type: Bidirectional Selective StateSpaceModel (Official Library)
  vocab_size=84,
  fcs_embedding_dim=128,
  mamba_hidden_dim=256,
  mamba_layers=2 (bidirectional),
  cnn_kernel=3×3, cnn_out_channels=3,
  total_parameters=4,017,183
  Paper Faithful: YES ✓
)
2026-08-22 11:53:09 - emm_dti - INFO - debug_training:124 - Model moved to device: cuda
2026-08-22 11:53:09 - emm_dti - INFO - debug_training:127 - 
Testing forward pass with DETAILED DEBUGGING...
2026-08-22 11:53:09 - emm_dti - INFO - debug_training:137 -   Drug embeddings: shape=torch.Size([16, 100, 128]), range=[-2.0317, 2.0110]
2026-08-22 11:53:09 - emm_dti - INFO - debug_training:141 -   Protein embeddings: shape=torch.Size([16, 200, 128]), range=[-1.8105, 1.8062]
2026-08-22 11:53:10 - emm_dti - INFO - debug_training:145 -   Drug Mamba output: shape=torch.Size([16, 100, 256]), range=[-0.1347, 0.1379]
2026-08-22 11:53:10 - emm_dti - INFO - debug_training:148 -   Protein Mamba output: shape=torch.Size([16, 200, 256]), range=[-0.1068, 0.0939]
2026-08-22 11:53:10 - emm_dti - INFO - debug_training:153 -   Drug pool: shape=torch.Size([16, 256]), range=[-0.1210, 0.1204]
2026-08-22 11:53:10 - emm_dti - INFO - debug_training:154 -   Protein pool: shape=torch.Size([16, 256]), range=[-0.0920, 0.0882]
2026-08-22 11:53:10 - emm_dti - INFO - debug_training:158 -   Interaction matrix: shape=torch.Size([16, 100, 200]), range=[0.0100, 0.0383]
2026-08-22 11:53:10 - emm_dti - INFO - debug_training:159 -   Interaction matrix unique values (first 10): tensor([0.0100, 0.0119, 0.0121, 0.0122, 0.0125, 0.0126, 0.0127, 0.0129, 0.0134,
        0.0137], device='cuda:0')
2026-08-22 11:53:11 - emm_dti - INFO - debug_training:165 -   CNN features: shape=torch.Size([16, 3, 1, 1]), range=[0.0000, 0.2868]
2026-08-22 11:53:11 - emm_dti - INFO - debug_training:168 -   CNN flattened: shape=torch.Size([16, 3]), range=[0.0000, 0.2868]
2026-08-22 11:53:11 - emm_dti - INFO - debug_training:172 -   MLP input: shape=torch.Size([16, 515]), range=[-0.1210, 0.2868]
2026-08-22 11:53:11 - emm_dti - INFO - debug_training:176 - ✓ Forward pass successful
2026-08-22 11:53:11 - emm_dti - INFO - debug_training:177 -   Output shape: torch.Size([16, 1])
2026-08-22 11:53:11 - emm_dti - INFO - debug_training:178 -   Output range: [-0.0008, 0.1002]
2026-08-22 11:53:11 - emm_dti - INFO - debug_training:179 -   Output values (first 5): [0.08721501380205154, 0.10018333792686462, 0.020955601707100868, 0.07885193824768066, 0.088152676820755]
2026-08-22 11:53:11 - emm_dti - INFO - debug_training:185 - 
================================================================================
2026-08-22 11:53:11 - emm_dti - INFO - debug_training:186 - STEP 4: TRAINING
2026-08-22 11:53:11 - emm_dti - INFO - debug_training:187 - ================================================================================
2026-08-22 11:53:11 - emm_dti.training.trainer - INFO - __init__:58 - Trainer initialized. Output dir: /mnt/d/Projects/EMM_DTI_Replication/debug_logs/20260822_115304/checkpoints
2026-08-22 11:53:11 - emm_dti.training.trainer - INFO - fit:283 - ============================================================
2026-08-22 11:53:11 - emm_dti.training.trainer - INFO - fit:284 - Starting training
2026-08-22 11:53:11 - emm_dti.training.trainer - INFO - fit:285 - ============================================================
2026-08-22 11:53:11 - emm_dti.training.trainer - INFO - setup_optimizer:99 - Optimizer: adam, LR: 0.0003
2026-08-22 11:53:11 - emm_dti.training.trainer - INFO - fit:296 - 
Epoch 1/10
2026-08-22 11:53:58 - emm_dti.training.trainer - INFO - fit:310 - Epoch  | Loss (T/V)      | AUC (T/V)       | AUPR (T/V)      | F1 (T/V)       
2026-08-22 11:53:58 - emm_dti.training.trainer - INFO - fit:311 - --------------------------------------------------------------------------------
2026-08-22 11:53:58 - emm_dti.training.trainer - INFO - fit:313 - 1      | 0.6945/0.6934 | 0.4959/0.5055 | 0.4975/0.4756 | 0.5249/0.0000
2026-08-22 11:53:59 - emm_dti.models.emm_dti - INFO - save_checkpoint:250 - Saved checkpoint to /mnt/d/Projects/EMM_DTI_Replication/debug_logs/20260822_115304/checkpoints/best_model.pt
2026-08-22 11:53:59 - emm_dti.training.trainer - INFO - fit:335 - Saved best model (AUC: 0.5055)
2026-08-22 11:53:59 - emm_dti.utils.device - DEBUG - empty_cuda_cache:68 - CUDA cache cleared
2026-08-22 11:53:59 - emm_dti.training.trainer - INFO - fit:296 - 
Epoch 2/10
2026-08-22 11:54:38 - emm_dti.training.trainer - INFO - fit:313 - 2      | 0.6938/0.6952 | 0.5003/0.4938 | 0.5042/0.4610 | 0.4336/0.6532
2026-08-22 11:54:38 - emm_dti.utils.device - DEBUG - empty_cuda_cache:68 - CUDA cache cleared
2026-08-22 11:54:38 - emm_dti.training.trainer - INFO - fit:296 - 
Epoch 3/10
2026-08-22 11:55:05 - emm_dti.training.trainer - INFO - fit:313 - 3      | 0.6936/0.6945 | 0.4969/0.5028 | 0.4969/0.5131 | 0.5989/0.0000
2026-08-22 11:55:05 - emm_dti.utils.device - DEBUG - empty_cuda_cache:68 - CUDA cache cleared
2026-08-22 11:55:05 - emm_dti.training.trainer - INFO - fit:296 - 
Epoch 4/10
2026-08-22 11:55:32 - emm_dti.training.trainer - INFO - fit:313 - 4      | 0.6941/0.6932 | 0.4937/0.5000 | 0.4949/0.7425 | 0.4804/0.6532
2026-08-22 11:55:32 - emm_dti.utils.device - DEBUG - empty_cuda_cache:68 - CUDA cache cleared
2026-08-22 11:55:32 - emm_dti.training.trainer - INFO - fit:296 - 
Epoch 5/10
2026-08-22 11:55:56 - emm_dti.training.trainer - INFO - fit:313 - 5      | 0.6939/0.6934 | 0.4774/0.5000 | 0.4829/0.7425 | 0.4673/0.6532
2026-08-22 11:55:56 - emm_dti.utils.device - DEBUG - empty_cuda_cache:68 - CUDA cache cleared
2026-08-22 11:55:56 - emm_dti.training.trainer - INFO - fit:296 - 
Epoch 6/10
2026-08-22 11:56:31 - emm_dti.training.trainer - INFO - fit:313 - 6      | 0.6938/0.6936 | 0.4904/0.5000 | 0.4921/0.7425 | 0.4468/0.6532
2026-08-22 11:56:31 - emm_dti.utils.device - DEBUG - empty_cuda_cache:68 - CUDA cache cleared
2026-08-22 11:56:31 - emm_dti.training.trainer - INFO - fit:296 - 
Epoch 7/10
2026-08-22 11:56:58 - emm_dti.training.trainer - INFO - fit:313 - 7      | 0.6933/0.6933 | 0.5058/0.5000 | 0.4966/0.7425 | 0.5401/0.6532
2026-08-22 11:56:58 - emm_dti.utils.device - DEBUG - empty_cuda_cache:68 - CUDA cache cleared
2026-08-22 11:56:58 - emm_dti.training.trainer - INFO - fit:296 - 
Epoch 8/10
2026-08-22 11:56:58 - emm_dti - ERROR - debug_training:209 - ✗ Training failed: [Errno 32] Broken pipe
Traceback (most recent call last):
  File "/mnt/d/Projects/EMM_DTI_Replication/debug_enzyme.py", line 193, in debug_training
    history = trainer.fit(
  File "/mnt/d/Projects/EMM_DTI_Replication/emm_dti/training/trainer.py", line 299, in fit
    train_metrics = self.train_epoch(
  File "/mnt/d/Projects/EMM_DTI_Replication/emm_dti/training/trainer.py", line 160, in train_epoch
    pbar = tqdm(train_loader, desc="Training")
  File "/home/harshini/.pyenv/versions/3.10.13/lib/python3.10/site-packages/tqdm/std.py", line 1096, in __init__
    self.sp = self.status_printer(self.fp)
  File "/home/harshini/.pyenv/versions/3.10.13/lib/python3.10/site-packages/tqdm/std.py", line 448, in status_printer
    getattr(sys.stderr, 'flush', lambda: None)()
BrokenPipeError: [Errno 32] Broken pipe
