2026-08-22 09:58:59 - emm_dti - INFO - setup_logging:63 - Logging initialized. Log directory: /mnt/d/Projects/EMM_DTI_Replication/debug_logs/20260822_095858
2026-08-22 09:58:59 - emm_dti - INFO - debug_training:31 - ================================================================================
2026-08-22 09:58:59 - emm_dti - INFO - debug_training:32 - EMM-DTI DEBUG TRAINING - ENZYME DATASET
2026-08-22 09:58:59 - emm_dti - INFO - debug_training:33 - ================================================================================
2026-08-22 09:59:00 - emm_dti.utils.device - INFO - get_device:32 - CUDA available. Using GPU: NVIDIA GeForce GTX 1650
2026-08-22 09:59:00 - emm_dti - INFO - debug_training:37 - Device: cuda
2026-08-22 09:59:00 - emm_dti.utils.device - INFO - print_device_info:44 - ============================================================
2026-08-22 09:59:01 - emm_dti.utils.device - INFO - print_device_info:45 - Device Information
2026-08-22 09:59:01 - emm_dti.utils.device - INFO - print_device_info:46 - ============================================================
2026-08-22 09:59:01 - emm_dti.utils.device - INFO - print_device_info:47 - PyTorch version: 2.2.2+cu121
2026-08-22 09:59:01 - emm_dti.utils.device - INFO - print_device_info:48 - CUDA available: True
2026-08-22 09:59:01 - emm_dti.utils.device - INFO - print_device_info:51 - CUDA version: 12.1
2026-08-22 09:59:01 - emm_dti.utils.device - INFO - print_device_info:52 - Number of GPUs: 1
2026-08-22 09:59:01 - emm_dti.utils.device - INFO - print_device_info:55 -   GPU 0: NVIDIA GeForce GTX 1650 (4.3 GB)
2026-08-22 09:59:01 - emm_dti.utils.device - INFO - print_device_info:60 - CPUs available: 6
2026-08-22 09:59:01 - emm_dti.utils.device - INFO - print_device_info:61 - ============================================================
2026-08-22 09:59:01 - emm_dti - INFO - debug_training:46 - 
================================================================================
2026-08-22 09:59:01 - emm_dti - INFO - debug_training:47 - STEP 1: LOADING DATA
2026-08-22 09:59:01 - emm_dti - INFO - debug_training:48 - ================================================================================
2026-08-22 09:59:01 - emm_dti - INFO - debug_training:51 - Data directory: /mnt/d/Projects/EMM_DTI_Replication/data/enzyme
2026-08-22 09:59:01 - emm_dti - INFO - debug_training:52 - Data directory exists: True
2026-08-22 09:59:01 - emm_dti - INFO - debug_training:55 - Files in directory:
2026-08-22 09:59:01 - emm_dti - INFO - debug_training:57 -   - drugs.csv: 5847 rows
2026-08-22 09:59:01 - emm_dti - INFO - debug_training:57 -   - interactions.csv: 5847 rows
2026-08-22 09:59:01 - emm_dti - INFO - debug_training:57 -   - proteins.csv: 5847 rows
2026-08-22 09:59:01 - emm_dti.data.loaders - INFO - _load_data:204 - Loading data from /mnt/d/Projects/EMM_DTI_Replication/data/enzyme
2026-08-22 09:59:01 - emm_dti.data.loaders - INFO - _load_data:228 - Loaded 5847 drugs, 5847 proteins, 5847 interactions
2026-08-22 09:59:01 - emm_dti.data.loaders - INFO - _create_fcs_vocabulary:245 - Loading cached FCS patterns from /mnt/d/Projects/EMM_DTI_Replication/data/enzyme/.fcs_cache.pkl
2026-08-22 09:59:01 - emm_dti.models.fcs - INFO - build_from_fcs:191 - Built fragment vocabulary with 84 tokens
2026-08-22 09:59:01 - emm_dti.data.loaders - INFO - _create_fcs_vocabulary:253 - Loaded 84 patterns from cache
2026-08-22 09:59:01 - emm_dti.data.loaders - INFO - __init__:200 - Data module initialized with 5847 total samples
2026-08-22 09:59:01 - emm_dti - INFO - debug_training:67 - ✓ Data loaded successfully
2026-08-22 09:59:01 - emm_dti - INFO - debug_training:68 -   Vocab size: 84
2026-08-22 09:59:01 - emm_dti - INFO - debug_training:70 -   FCS patterns: 82
2026-08-22 09:59:01 - emm_dti - INFO - debug_training:71 -   FCS patterns by length: [(1, 16), (2, 28), (3, 38)]
2026-08-22 09:59:01 - emm_dti - INFO - debug_training:80 - 
================================================================================
2026-08-22 09:59:01 - emm_dti - INFO - debug_training:81 - STEP 2: CREATING DATA LOADERS
2026-08-22 09:59:01 - emm_dti - INFO - debug_training:82 - ================================================================================
2026-08-22 09:59:01 - emm_dti.data.loaders - INFO - create_loaders:357 - Creating DataLoaders via random split...
2026-08-22 09:59:01 - emm_dti.data.loaders - INFO - __init__:63 - Initialized DTIDataset with 5847 samples (vocab_size=84, fcs_patterns=82)
2026-08-22 09:59:01 - emm_dti.data.loaders - INFO - create_loaders:370 - Loaded splits: train=4,092, val=1,169, test=586
2026-08-22 09:59:01 - emm_dti - INFO - debug_training:90 - Train loader: 256 batches
2026-08-22 09:59:01 - emm_dti - INFO - debug_training:91 - Val loader: 74 batches
2026-08-22 09:59:01 - emm_dti - INFO - debug_training:92 - Test loader: 37 batches
2026-08-22 09:59:01 - emm_dti - INFO - debug_training:95 - 
Sample batch from training set:
2026-08-22 09:59:01 - emm_dti - INFO - debug_training:97 -   Drug indices shape: torch.Size([16, 100])
2026-08-22 09:59:01 - emm_dti - INFO - debug_training:98 -   Protein indices shape: torch.Size([16, 200])
2026-08-22 09:59:01 - emm_dti - INFO - debug_training:99 -   Labels shape: torch.Size([16])
2026-08-22 09:59:01 - emm_dti - INFO - debug_training:100 -   Drug indices range: [0, 83]
2026-08-22 09:59:01 - emm_dti - INFO - debug_training:101 -   Protein indices range: [0, 49]
2026-08-22 09:59:01 - emm_dti - INFO - debug_training:102 -   Labels unique values: tensor([0., 1.])
2026-08-22 09:59:01 - emm_dti - INFO - debug_training:105 - 
================================================================================
2026-08-22 09:59:01 - emm_dti - INFO - debug_training:106 - STEP 3: INITIALIZING MODEL
2026-08-22 09:59:01 - emm_dti - INFO - debug_training:107 - ================================================================================
2026-08-22 09:59:02 - emm_dti.models.mamba_ssm - INFO - __init__:116 - BidirectionalMambaSSM initialized: input_dim=128, hidden_dim=256, d_state=16, n_layers=2
2026-08-22 09:59:02 - emm_dti.models.mamba_ssm - INFO - __init__:116 - BidirectionalMambaSSM initialized: input_dim=128, hidden_dim=256, d_state=16, n_layers=2
2026-08-22 09:59:02 - emm_dti.models.emm_dti - INFO - __init__:159 - EMM-DTI model initialized with 4,017,183 parameters (Bidirectional Mamba-SSM, official Selective StateSpaceModel library)
2026-08-22 09:59:02 - emm_dti - INFO - debug_training:119 - ✓ Model created
2026-08-22 09:59:02 - emm_dti - INFO - debug_training:120 - EMM-DTI(
  Architecture: FCS → Embedding → Mamba-SSM → Interaction Matrix → CNN → MLP
  Mamba Type: Bidirectional Selective StateSpaceModel (Official Library)
  vocab_size=84,
  fcs_embedding_dim=128,
  mamba_hidden_dim=256,
  mamba_layers=2 (bidirectional),
  cnn_kernel=3×3, cnn_out_channels=3,
  total_parameters=4,017,183
  Paper Faithful: YES ✓
)
2026-08-22 09:59:03 - emm_dti - INFO - debug_training:124 - Model moved to device: cuda
2026-08-22 09:59:03 - emm_dti - INFO - debug_training:127 - 
Testing forward pass with sample batch...
2026-08-22 09:59:03 - emm_dti - INFO - debug_training:131 - ✓ Forward pass successful
2026-08-22 09:59:03 - emm_dti - INFO - debug_training:132 -   Output shape: torch.Size([16, 1])
2026-08-22 09:59:04 - emm_dti - INFO - debug_training:133 -   Output range: [-0.0010, 0.0996]
2026-08-22 09:59:04 - emm_dti - INFO - debug_training:139 - 
================================================================================
2026-08-22 09:59:04 - emm_dti - INFO - debug_training:140 - STEP 4: TRAINING
2026-08-22 09:59:04 - emm_dti - INFO - debug_training:141 - ================================================================================
2026-08-22 09:59:04 - emm_dti.training.trainer - INFO - __init__:58 - Trainer initialized. Output dir: /mnt/d/Projects/EMM_DTI_Replication/debug_logs/20260822_095858/checkpoints
2026-08-22 09:59:04 - emm_dti.training.trainer - INFO - fit:283 - ============================================================
2026-08-22 09:59:04 - emm_dti.training.trainer - INFO - fit:284 - Starting training
2026-08-22 09:59:04 - emm_dti.training.trainer - INFO - fit:285 - ============================================================
2026-08-22 09:59:04 - emm_dti.training.trainer - INFO - setup_optimizer:99 - Optimizer: adam, LR: 0.0003
2026-08-22 09:59:04 - emm_dti.training.trainer - INFO - fit:296 - 
Epoch 1/10
2026-08-22 09:59:31 - emm_dti.training.trainer - INFO - fit:310 - Epoch  | Loss (T/V)      | AUC (T/V)       | AUPR (T/V)      | F1 (T/V)       
2026-08-22 09:59:31 - emm_dti.training.trainer - INFO - fit:311 - --------------------------------------------------------------------------------
2026-08-22 09:59:31 - emm_dti.training.trainer - INFO - fit:313 - 1      | 0.6946/0.6934 | 0.4950/0.5227 | 0.5013/0.5104 | 0.5269/0.0000
2026-08-22 09:59:31 - emm_dti.models.emm_dti - INFO - save_checkpoint:250 - Saved checkpoint to /mnt/d/Projects/EMM_DTI_Replication/debug_logs/20260822_095858/checkpoints/best_model.pt
2026-08-22 09:59:31 - emm_dti.training.trainer - INFO - fit:335 - Saved best model (AUC: 0.5227)
2026-08-22 09:59:31 - emm_dti.utils.device - DEBUG - empty_cuda_cache:68 - CUDA cache cleared
2026-08-22 09:59:31 - emm_dti.training.trainer - INFO - fit:296 - 
Epoch 2/10
2026-08-22 10:00:05 - emm_dti.training.trainer - INFO - fit:313 - 2      | 0.6938/0.6960 | 0.4992/0.4846 | 0.5042/0.4417 | 0.4250/0.6532
2026-08-22 10:00:05 - emm_dti.utils.device - DEBUG - empty_cuda_cache:68 - CUDA cache cleared
2026-08-22 10:00:05 - emm_dti.training.trainer - INFO - fit:296 - 
Epoch 3/10
2026-08-22 10:00:51 - emm_dti.training.trainer - INFO - fit:313 - 3      | 0.6935/0.6937 | 0.5009/0.5002 | 0.4997/0.7371 | 0.6152/0.0000
2026-08-22 10:00:51 - emm_dti.utils.device - DEBUG - empty_cuda_cache:68 - CUDA cache cleared
2026-08-22 10:00:51 - emm_dti.training.trainer - INFO - fit:296 - 
Epoch 4/10
2026-08-22 10:01:38 - emm_dti.training.trainer - INFO - fit:313 - 4      | 0.6942/0.6932 | 0.4883/0.5000 | 0.4889/0.7425 | 0.4853/0.6532
2026-08-22 10:01:38 - emm_dti.utils.device - DEBUG - empty_cuda_cache:68 - CUDA cache cleared
2026-08-22 10:01:38 - emm_dti.training.trainer - INFO - fit:296 - 
Epoch 5/10
2026-08-22 10:02:22 - emm_dti.training.trainer - INFO - fit:313 - 5      | 0.6938/0.6932 | 0.4748/0.5000 | 0.4808/0.7425 | 0.4413/0.6532
2026-08-22 10:02:22 - emm_dti.utils.device - DEBUG - empty_cuda_cache:68 - CUDA cache cleared
2026-08-22 10:02:22 - emm_dti.training.trainer - INFO - fit:296 - 
Epoch 6/10
2026-08-22 10:03:09 - emm_dti.training.trainer - INFO - fit:313 - 6      | 0.6936/0.6934 | 0.4879/0.5000 | 0.4912/0.7425 | 0.4404/0.6532
2026-08-22 10:03:09 - emm_dti.utils.device - DEBUG - empty_cuda_cache:68 - CUDA cache cleared
2026-08-22 10:03:09 - emm_dti.training.trainer - INFO - fit:296 - 
Epoch 7/10
2026-08-22 10:03:36 - emm_dti.training.trainer - INFO - fit:313 - 7      | 0.6934/0.6933 | 0.5007/0.5000 | 0.4941/0.7425 | 0.5546/0.6532
2026-08-22 10:03:36 - emm_dti.utils.device - DEBUG - empty_cuda_cache:68 - CUDA cache cleared
2026-08-22 10:03:36 - emm_dti.training.trainer - INFO - fit:296 - 
Epoch 8/10
2026-08-22 10:04:08 - emm_dti.training.trainer - INFO - fit:313 - 8      | 0.6936/0.6931 | 0.5024/0.5000 | 0.5041/0.7425 | 0.5311/0.0000
2026-08-22 10:04:08 - emm_dti.utils.device - DEBUG - empty_cuda_cache:68 - CUDA cache cleared
2026-08-22 10:04:08 - emm_dti.training.trainer - INFO - fit:296 - 
Epoch 9/10
2026-08-22 10:04:32 - emm_dti.training.trainer - INFO - fit:313 - 9      | 0.6935/0.6930 | 0.4940/0.5000 | 0.5009/0.7425 | 0.5335/0.0000
2026-08-22 10:04:32 - emm_dti.utils.device - DEBUG - empty_cuda_cache:68 - CUDA cache cleared
2026-08-22 10:04:32 - emm_dti.training.trainer - INFO - fit:296 - 
Epoch 10/10
2026-08-22 10:04:59 - emm_dti.training.trainer - INFO - fit:313 - 10     | 0.6933/0.6930 | 0.4988/0.5000 | 0.4979/0.7425 | 0.4912/0.0000
2026-08-22 10:04:59 - emm_dti.utils.device - DEBUG - empty_cuda_cache:68 - CUDA cache cleared
2026-08-22 10:04:59 - emm_dti.training.trainer - INFO - fit:350 - ============================================================
2026-08-22 10:04:59 - emm_dti.training.trainer - INFO - fit:351 - Training complete. Best AUC: 0.5227
2026-08-22 10:04:59 - emm_dti.training.trainer - INFO - fit:352 - ============================================================
2026-08-22 10:04:59 - emm_dti.training.trainer - INFO - fit:367 - Saved training history to /mnt/d/Projects/EMM_DTI_Replication/debug_logs/20260822_095858/checkpoints/training_history.csv
2026-08-22 10:04:59 - emm_dti - INFO - debug_training:159 - ✓ Training completed
2026-08-22 10:04:59 - emm_dti - INFO - debug_training:160 -   History keys: dict_keys(['train', 'val'])
2026-08-22 10:04:59 - emm_dti - INFO - debug_training:167 - 
================================================================================
2026-08-22 10:04:59 - emm_dti - INFO - debug_training:168 - STEP 5: EVALUATION
2026-08-22 10:04:59 - emm_dti - INFO - debug_training:169 - ================================================================================
2026-08-22 10:04:59 - emm_dti.models.emm_dti - INFO - load_checkpoint:242 - Loaded checkpoint from /mnt/d/Projects/EMM_DTI_Replication/debug_logs/20260822_095858/checkpoints/best_model.pt
2026-08-22 10:05:00 - emm_dti - INFO - debug_training:181 - Predictions shape: (586,)
2026-08-22 10:05:00 - emm_dti - INFO - debug_training:182 - Predictions range: [0.4773, 0.4773]
2026-08-22 10:05:00 - emm_dti - INFO - debug_training:183 - Targets shape: (586,)
2026-08-22 10:05:00 - emm_dti - INFO - debug_training:184 - Targets unique: [0. 1.]
2026-08-22 10:05:00 - emm_dti - INFO - debug_training:187 - Test metrics: test_auc: 0.4736 | test_aupr: 0.5075 | test_accuracy: 0.4744 | test_precision: 0.0000 | test_recall: 0.0000 | test_f1: 0.0000 | test_specificity: 1.0000 | test_mcc: 0.0000
2026-08-22 10:05:00 - emm_dti - INFO - debug_training:193 - 
================================================================================
2026-08-22 10:05:00 - emm_dti - INFO - debug_training:194 - Debug logs saved to: /mnt/d/Projects/EMM_DTI_Replication/debug_logs/20260822_095858
2026-08-22 10:05:00 - emm_dti - INFO - debug_training:195 - ================================================================================
