2026-08-22 14:05:48 - emm_dti - INFO - setup_logging:63 - Logging initialized. Log directory: /mnt/d/Projects/EMM_DTI_Replication/gradient_flow_logs/20260822_140548
2026-08-22 14:05:48 - emm_dti - INFO - test_gradient_flow:42 - ================================================================================
2026-08-22 14:05:48 - emm_dti - INFO - test_gradient_flow:43 - GRADIENT FLOW TEST - HUMAN DATASET
2026-08-22 14:05:48 - emm_dti - INFO - test_gradient_flow:44 - ================================================================================
2026-08-22 14:05:50 - emm_dti.utils.device - INFO - get_device:32 - CUDA available. Using GPU: NVIDIA GeForce GTX 1650
2026-08-22 14:05:50 - emm_dti - INFO - test_gradient_flow:48 - Device: cuda
2026-08-22 14:05:50 - emm_dti - INFO - test_gradient_flow:57 - 
Loading human dataset from /mnt/d/Projects/EMM_DTI_Replication/data/human...
2026-08-22 14:05:50 - emm_dti.data.loaders - INFO - _load_data:204 - Loading data from /mnt/d/Projects/EMM_DTI_Replication/data/human
2026-08-22 14:05:50 - emm_dti.data.loaders - INFO - _load_data:228 - Loaded 2356 drugs, 1840 proteins, 6728 interactions
2026-08-22 14:05:50 - emm_dti.data.loaders - INFO - __init__:189 - Found pre-defined 'split' column in interactions.csv - preserving benchmark splits.
2026-08-22 14:05:50 - emm_dti.data.loaders - INFO - _create_fcs_vocabulary:245 - Loading cached FCS patterns from /mnt/d/Projects/EMM_DTI_Replication/data/human/.fcs_cache.pkl
2026-08-22 14:05:50 - emm_dti.models.fcs - INFO - build_from_fcs:191 - Built fragment vocabulary with 210 tokens
2026-08-22 14:05:50 - emm_dti.data.loaders - INFO - _create_fcs_vocabulary:253 - Loaded 210 patterns from cache
2026-08-22 14:05:50 - emm_dti.data.loaders - INFO - __init__:200 - Data module initialized with 6728 total samples
2026-08-22 14:05:50 - emm_dti.data.loaders - INFO - create_loaders:348 - Creating DataLoaders from pre-defined benchmark splits...
2026-08-22 14:05:50 - emm_dti.data.loaders - INFO - __init__:63 - Initialized DTIDataset with 5382 samples (vocab_size=210, fcs_patterns=208)
2026-08-22 14:05:50 - emm_dti.data.loaders - INFO - __init__:63 - Initialized DTIDataset with 673 samples (vocab_size=210, fcs_patterns=208)
2026-08-22 14:05:50 - emm_dti.data.loaders - INFO - __init__:63 - Initialized DTIDataset with 673 samples (vocab_size=210, fcs_patterns=208)
2026-08-22 14:05:50 - emm_dti.data.loaders - INFO - create_loaders:370 - Loaded splits: train=5,382, val=673, test=673
2026-08-22 14:05:50 - emm_dti - INFO - test_gradient_flow:73 - ✓ Data loaded. Vocab size: 210
2026-08-22 14:05:50 - emm_dti - INFO - test_gradient_flow:76 - 
Initializing model...
2026-08-22 14:05:52 - emm_dti.models.mamba_ssm - INFO - __init__:119 - BidirectionalMambaSSM initialized: input_dim=128, hidden_dim=64, d_state=16, n_layers=2
2026-08-22 14:05:52 - emm_dti.models.mamba_ssm - INFO - __init__:119 - BidirectionalMambaSSM initialized: input_dim=128, hidden_dim=64, d_state=16, n_layers=2
2026-08-22 14:05:52 - emm_dti.models.emm_dti - INFO - __init__:161 - EMM-DTI model initialized with 390,689 parameters (Bidirectional Mamba-SSM, official Selective StateSpaceModel library)
2026-08-22 14:05:52 - emm_dti - INFO - test_gradient_flow:87 - ✓ Model initialized with 390,689 parameters
2026-08-22 14:05:52 - emm_dti - INFO - test_gradient_flow:93 - 
================================================================================
2026-08-22 14:05:52 - emm_dti - INFO - test_gradient_flow:94 - GRADIENT FLOW ANALYSIS
2026-08-22 14:05:52 - emm_dti - INFO - test_gradient_flow:95 - ================================================================================
2026-08-22 14:05:52 - emm_dti - INFO - test_gradient_flow:102 - 
--- Batch 1/5 ---
2026-08-22 14:05:54 - emm_dti - INFO - test_gradient_flow:113 - Loss: 0.723273
2026-08-22 14:05:54 - emm_dti - INFO - test_gradient_flow:120 - 
Gradient Statistics:
2026-08-22 14:05:54 - emm_dti - INFO - test_gradient_flow:121 - Layer                                              Mean Grad       Max Grad        Dead (0s)
2026-08-22 14:05:54 - emm_dti - INFO - test_gradient_flow:122 - ------------------------------------------------------------------------------------------
2026-08-22 14:05:54 - emm_dti - INFO - test_gradient_flow:146 - embedding.weight                                   2.245444e-05    5.319113e-04        1.5%
2026-08-22 14:05:54 - emm_dti - INFO - test_gradient_flow:146 - embedding_norm.weight                              1.046677e-04    4.854240e-04        0.0%
2026-08-22 14:05:54 - emm_dti - INFO - test_gradient_flow:146 - embedding_norm.bias                                1.464291e-04    4.506120e-04        0.0%
2026-08-22 14:05:54 - emm_dti - INFO - test_gradient_flow:146 - drug_mamba.output_scale                            7.767516e-03    7.767516e-03        0.0%
2026-08-22 14:05:54 - emm_dti - INFO - test_gradient_flow:146 - drug_mamba.input_proj.weight                       1.091126e-04    6.130888e-04        0.0%
2026-08-22 14:05:54 - emm_dti - INFO - test_gradient_flow:146 - drug_mamba.input_proj.bias                         1.263605e-04    3.085526e-04        0.0%
2026-08-22 14:05:54 - emm_dti - INFO - test_gradient_flow:146 - drug_mamba.forward_layers.0.A_log                  1.727432e-07    8.291116e-06       32.4%
2026-08-22 14:05:54 - emm_dti - INFO - test_gradient_flow:146 - drug_mamba.forward_layers.0.D                      3.549369e-05    3.482144e-04        0.0%
2026-08-22 14:05:54 - emm_dti - INFO - test_gradient_flow:146 - drug_mamba.forward_layers.0.in_proj.weight         4.801054e-05    1.044692e-03        0.0%
2026-08-22 14:05:54 - emm_dti - INFO - test_gradient_flow:146 - drug_mamba.forward_layers.0.in_proj.bias           4.552207e-05    3.180264e-04        0.0%
2026-08-22 14:05:54 - emm_dti - INFO - test_gradient_flow:146 - drug_mamba.forward_layers.0.conv1d.weight          5.978694e-05    5.707032e-04        0.0%
2026-08-22 14:05:54 - emm_dti - INFO - test_gradient_flow:146 - drug_mamba.forward_layers.0.conv1d.bias            7.515973e-05    5.687230e-04        0.0%
2026-08-22 14:05:54 - emm_dti - INFO - test_gradient_flow:146 - drug_mamba.forward_layers.0.x_proj.weight          1.963537e-06    5.762566e-05        0.9%
2026-08-22 14:05:54 - emm_dti - INFO - test_gradient_flow:146 - drug_mamba.forward_layers.0.dt_proj.weight         1.568072e-07    3.360651e-06       15.4%
2026-08-22 14:05:54 - emm_dti - INFO - test_gradient_flow:146 - drug_mamba.forward_layers.0.dt_proj.bias           4.242657e-07    7.205008e-06        7.0%
2026-08-22 14:05:54 - emm_dti - INFO - test_gradient_flow:146 - drug_mamba.forward_layers.0.out_proj.weight        4.296983e-05    1.150925e-03        0.0%
2026-08-22 14:05:54 - emm_dti - INFO - test_gradient_flow:146 - drug_mamba.forward_layers.0.out_proj.bias          8.468877e-04    2.626241e-03        0.0%
2026-08-22 14:05:54 - emm_dti - INFO - test_gradient_flow:146 - drug_mamba.forward_layers.1.A_log                  1.852793e-07    1.739600e-05       33.5%
2026-08-22 14:05:54 - emm_dti - INFO - test_gradient_flow:146 - drug_mamba.forward_layers.1.D                      8.475361e-05    6.929623e-04        0.0%
2026-08-22 14:05:54 - emm_dti - INFO - test_gradient_flow:146 - drug_mamba.forward_layers.1.in_proj.weight         5.917054e-05    1.399312e-03        0.1%
2026-08-22 14:05:54 - emm_dti - INFO - test_gradient_flow:146 - drug_mamba.forward_layers.1.in_proj.bias           5.405475e-04    4.528807e-03        0.0%
2026-08-22 14:05:54 - emm_dti - INFO - test_gradient_flow:146 - drug_mamba.forward_layers.1.conv1d.weight          3.066516e-05    3.048778e-04        0.0%
2026-08-22 14:05:54 - emm_dti - INFO - test_gradient_flow:146 - drug_mamba.forward_layers.1.conv1d.bias            3.236978e-04    2.238640e-03        0.0%
2026-08-22 14:05:54 - emm_dti - INFO - test_gradient_flow:146 - drug_mamba.forward_layers.1.x_proj.weight          6.919285e-06    1.403766e-04        2.3%
2026-08-22 14:05:54 - emm_dti - INFO - test_gradient_flow:146 - drug_mamba.forward_layers.1.dt_proj.weight         4.711873e-08    1.115166e-06       44.3%
2026-08-22 14:05:54 - emm_dti - INFO - test_gradient_flow:146 - drug_mamba.forward_layers.1.dt_proj.bias           8.675868e-07    8.205401e-06        3.9%
2026-08-22 14:05:54 - emm_dti - INFO - test_gradient_flow:146 - drug_mamba.forward_layers.1.out_proj.weight        9.889177e-05    1.379165e-03        0.0%
2026-08-22 14:05:54 - emm_dti - INFO - test_gradient_flow:146 - drug_mamba.forward_layers.1.out_proj.bias          1.741603e-02    4.809713e-02        0.0%
2026-08-22 14:05:54 - emm_dti - INFO - test_gradient_flow:146 - drug_mamba.backward_layers.0.A_log                 7.144806e-07    6.670254e-05       19.8%
2026-08-22 14:05:54 - emm_dti - INFO - test_gradient_flow:146 - drug_mamba.backward_layers.0.D                     4.534619e-05    1.202567e-03        0.0%
2026-08-22 14:05:54 - emm_dti - INFO - test_gradient_flow:146 - drug_mamba.backward_layers.0.in_proj.weight        4.379896e-05    2.826135e-03        0.0%
2026-08-22 14:05:54 - emm_dti - INFO - test_gradient_flow:146 - drug_mamba.backward_layers.0.in_proj.bias          4.202114e-05    8.866442e-04        0.0%
2026-08-22 14:05:54 - emm_dti - INFO - test_gradient_flow:146 - drug_mamba.backward_layers.0.conv1d.weight         6.109370e-05    6.912453e-04        0.0%
2026-08-22 14:05:54 - emm_dti - INFO - test_gradient_flow:146 - drug_mamba.backward_layers.0.conv1d.bias           8.048004e-05    7.623465e-04        0.0%
2026-08-22 14:05:54 - emm_dti - INFO - test_gradient_flow:146 - drug_mamba.backward_layers.0.x_proj.weight         1.561344e-05    5.198092e-04        0.2%
2026-08-22 14:05:54 - emm_dti - INFO - test_gradient_flow:146 - drug_mamba.backward_layers.0.dt_proj.weight        5.789935e-06    2.488523e-04        0.4%
2026-08-22 14:05:54 - emm_dti - INFO - test_gradient_flow:146 - drug_mamba.backward_layers.0.dt_proj.bias          1.099718e-05    2.739631e-04        1.6%
2026-08-22 14:05:54 - emm_dti - INFO - test_gradient_flow:146 - drug_mamba.backward_layers.0.out_proj.weight       3.701975e-05    3.010763e-03        0.1%
2026-08-22 14:05:54 - emm_dti - INFO - test_gradient_flow:146 - drug_mamba.backward_layers.0.out_proj.bias         1.134297e-03    4.771534e-03        0.0%
2026-08-22 14:05:54 - emm_dti - INFO - test_gradient_flow:146 - drug_mamba.backward_layers.1.A_log                 1.006861e-07    1.887516e-06       36.4%
2026-08-22 14:05:54 - emm_dti - INFO - test_gradient_flow:146 - drug_mamba.backward_layers.1.D                     7.480368e-05    6.579215e-04        0.0%
2026-08-22 14:05:54 - emm_dti - INFO - test_gradient_flow:146 - drug_mamba.backward_layers.1.in_proj.weight        5.051261e-05    1.119284e-03        0.1%
2026-08-22 14:05:54 - emm_dti - INFO - test_gradient_flow:146 - drug_mamba.backward_layers.1.in_proj.bias          6.606534e-04    5.140815e-03        0.0%
2026-08-22 14:05:54 - emm_dti - INFO - test_gradient_flow:146 - drug_mamba.backward_layers.1.conv1d.weight         2.605188e-05    1.652454e-04        0.0%
2026-08-22 14:05:54 - emm_dti - INFO - test_gradient_flow:146 - drug_mamba.backward_layers.1.conv1d.bias           2.800417e-04    1.554506e-03        0.0%
2026-08-22 14:05:54 - emm_dti - INFO - test_gradient_flow:146 - drug_mamba.backward_layers.1.x_proj.weight         3.085604e-06    4.360388e-05        1.2%
2026-08-22 14:05:54 - emm_dti - INFO - test_gradient_flow:146 - drug_mamba.backward_layers.1.dt_proj.weight        1.785378e-08    4.531975e-07       60.9%
2026-08-22 14:05:54 - emm_dti - INFO - test_gradient_flow:146 - drug_mamba.backward_layers.1.dt_proj.bias          1.095690e-07    1.345432e-06       18.8%
2026-08-22 14:05:54 - emm_dti - INFO - test_gradient_flow:146 - drug_mamba.backward_layers.1.out_proj.weight       1.011981e-04    2.745074e-03        0.0%
2026-08-22 14:05:54 - emm_dti - INFO - test_gradient_flow:146 - drug_mamba.backward_layers.1.out_proj.bias         2.121474e-02    8.270237e-02        0.0%
2026-08-22 14:05:54 - emm_dti - INFO - test_gradient_flow:146 - drug_mamba.output_proj.weight                      1.107401e-03    7.838296e-03        0.0%
2026-08-22 14:05:54 - emm_dti - INFO - test_gradient_flow:146 - drug_mamba.output_proj.bias                        2.440391e-02    7.431515e-02        0.0%
2026-08-22 14:05:54 - emm_dti - INFO - test_gradient_flow:146 - protein_mamba.output_scale                         2.484641e-03    2.484641e-03        0.0%
2026-08-22 14:05:55 - emm_dti - INFO - test_gradient_flow:146 - protein_mamba.input_proj.weight                    6.298104e-05    4.122831e-04        0.0%
2026-08-22 14:05:55 - emm_dti - INFO - test_gradient_flow:146 - protein_mamba.input_proj.bias                      1.084529e-04    2.967771e-04        0.0%
2026-08-22 14:05:55 - emm_dti - INFO - test_gradient_flow:146 - protein_mamba.forward_layers.0.A_log               1.346821e-07    4.957300e-06       24.4%
2026-08-22 14:05:55 - emm_dti - INFO - test_gradient_flow:146 - protein_mamba.forward_layers.0.D                   2.612437e-05    2.540877e-04        0.0%
2026-08-22 14:05:55 - emm_dti - INFO - test_gradient_flow:146 - protein_mamba.forward_layers.0.in_proj.weight      3.171275e-05    8.689754e-04        0.0%
2026-08-22 14:05:55 - emm_dti - INFO - test_gradient_flow:146 - protein_mamba.forward_layers.0.in_proj.bias        5.017888e-05    5.990715e-04        0.0%
2026-08-22 14:05:55 - emm_dti - INFO - test_gradient_flow:146 - protein_mamba.forward_layers.0.conv1d.weight       3.106492e-05    3.225812e-04        0.0%
2026-08-22 14:05:55 - emm_dti - INFO - test_gradient_flow:146 - protein_mamba.forward_layers.0.conv1d.bias         7.396528e-05    7.301693e-04        0.0%
2026-08-22 14:05:55 - emm_dti - INFO - test_gradient_flow:146 - protein_mamba.forward_layers.0.x_proj.weight       2.331752e-06    5.836382e-05        0.8%
2026-08-22 14:05:55 - emm_dti - INFO - test_gradient_flow:146 - protein_mamba.forward_layers.0.dt_proj.weight      1.548409e-07    2.912949e-06        7.2%
2026-08-22 14:05:55 - emm_dti - INFO - test_gradient_flow:146 - protein_mamba.forward_layers.0.dt_proj.bias        4.537348e-07    5.339094e-06        3.1%
2026-08-22 14:05:55 - emm_dti - INFO - test_gradient_flow:146 - protein_mamba.forward_layers.0.out_proj.weight     3.498485e-05    1.020571e-03        0.0%
2026-08-22 14:05:55 - emm_dti - INFO - test_gradient_flow:146 - protein_mamba.forward_layers.0.out_proj.bias       1.042007e-03    3.111644e-03        0.0%
2026-08-22 14:05:55 - emm_dti - INFO - test_gradient_flow:146 - protein_mamba.forward_layers.1.A_log               3.062588e-07    1.730070e-05       30.4%
2026-08-22 14:05:55 - emm_dti - INFO - test_gradient_flow:146 - protein_mamba.forward_layers.1.D                   8.789412e-05    1.047335e-03        0.0%
2026-08-22 14:05:55 - emm_dti - INFO - test_gradient_flow:146 - protein_mamba.forward_layers.1.in_proj.weight      4.193343e-05    1.508540e-03        0.1%
2026-08-22 14:05:55 - emm_dti - INFO - test_gradient_flow:146 - protein_mamba.forward_layers.1.in_proj.bias        6.181324e-04    8.127250e-03        0.0%
2026-08-22 14:05:55 - emm_dti - INFO - test_gradient_flow:146 - protein_mamba.forward_layers.1.conv1d.weight       2.828098e-05    2.782755e-04        0.2%
2026-08-22 14:05:55 - emm_dti - INFO - test_gradient_flow:146 - protein_mamba.forward_layers.1.conv1d.bias         3.675805e-04    2.738450e-03        0.0%
2026-08-22 14:05:55 - emm_dti - INFO - test_gradient_flow:146 - protein_mamba.forward_layers.1.x_proj.weight       1.065365e-06    2.699312e-05        2.7%
2026-08-22 14:05:55 - emm_dti - INFO - test_gradient_flow:146 - protein_mamba.forward_layers.1.dt_proj.weight      1.498430e-07    3.927399e-06       17.4%
2026-08-22 14:05:55 - emm_dti - INFO - test_gradient_flow:146 - protein_mamba.forward_layers.1.dt_proj.bias        9.770406e-07    1.134330e-05        2.3%
2026-08-22 14:05:55 - emm_dti - INFO - test_gradient_flow:146 - protein_mamba.forward_layers.1.out_proj.weight     9.632586e-05    1.527342e-03        0.0%
2026-08-22 14:05:55 - emm_dti - INFO - test_gradient_flow:146 - protein_mamba.forward_layers.1.out_proj.bias       2.151826e-02    7.584983e-02        0.0%
2026-08-22 14:05:55 - emm_dti - INFO - test_gradient_flow:146 - protein_mamba.backward_layers.0.A_log              1.453562e-07    2.435223e-05       22.8%
2026-08-22 14:05:55 - emm_dti - INFO - test_gradient_flow:146 - protein_mamba.backward_layers.0.D                  2.226538e-05    1.731529e-04        0.0%
2026-08-22 14:05:55 - emm_dti - INFO - test_gradient_flow:146 - protein_mamba.backward_layers.0.in_proj.weight     2.964671e-05    7.972178e-04        0.0%
2026-08-22 14:05:55 - emm_dti - INFO - test_gradient_flow:146 - protein_mamba.backward_layers.0.in_proj.bias       4.045910e-05    3.511615e-04        0.0%
2026-08-22 14:05:55 - emm_dti - INFO - test_gradient_flow:146 - protein_mamba.backward_layers.0.conv1d.weight      2.946147e-05    2.964332e-04        0.2%
2026-08-22 14:05:55 - emm_dti - INFO - test_gradient_flow:146 - protein_mamba.backward_layers.0.conv1d.bias        5.564685e-05    3.921505e-04        0.0%
2026-08-22 14:05:55 - emm_dti - INFO - test_gradient_flow:146 - protein_mamba.backward_layers.0.x_proj.weight      3.559917e-06    2.757853e-04        0.7%
2026-08-22 14:05:58 - emm_dti - INFO - test_gradient_flow:146 - protein_mamba.backward_layers.0.dt_proj.weight     4.167659e-07    1.222363e-05        6.6%
2026-08-22 14:05:58 - emm_dti - INFO - test_gradient_flow:146 - protein_mamba.backward_layers.0.dt_proj.bias       8.369798e-07    1.345339e-05        2.3%
2026-08-22 14:05:58 - emm_dti - INFO - test_gradient_flow:146 - protein_mamba.backward_layers.0.out_proj.weight    3.118255e-05    9.936065e-04        0.0%
2026-08-22 14:05:58 - emm_dti - INFO - test_gradient_flow:146 - protein_mamba.backward_layers.0.out_proj.bias      8.485225e-04    3.635400e-03        0.0%
2026-08-22 14:05:58 - emm_dti - INFO - test_gradient_flow:146 - protein_mamba.backward_layers.1.A_log              1.604573e-07    6.322232e-06       34.2%
2026-08-22 14:05:58 - emm_dti - INFO - test_gradient_flow:146 - protein_mamba.backward_layers.1.D                  5.975924e-05    3.874107e-04        0.0%
2026-08-22 14:05:58 - emm_dti - INFO - test_gradient_flow:146 - protein_mamba.backward_layers.1.in_proj.weight     4.023466e-05    7.371079e-04        0.1%
2026-08-22 14:05:58 - emm_dti - INFO - test_gradient_flow:146 - protein_mamba.backward_layers.1.in_proj.bias       5.081260e-04    4.540044e-03        0.0%
2026-08-22 14:05:58 - emm_dti - INFO - test_gradient_flow:146 - protein_mamba.backward_layers.1.conv1d.weight      2.406088e-05    1.942756e-04        0.0%
2026-08-22 14:05:58 - emm_dti - INFO - test_gradient_flow:146 - protein_mamba.backward_layers.1.conv1d.bias        2.751685e-04    1.480373e-03        0.0%
2026-08-22 14:05:58 - emm_dti - INFO - test_gradient_flow:146 - protein_mamba.backward_layers.1.x_proj.weight      4.244428e-07    1.311557e-05        6.8%
2026-08-22 14:05:58 - emm_dti - INFO - test_gradient_flow:146 - protein_mamba.backward_layers.1.dt_proj.weight     4.342131e-08    4.549551e-07       44.5%
2026-08-22 14:05:58 - emm_dti - INFO - test_gradient_flow:146 - protein_mamba.backward_layers.1.dt_proj.bias       2.426090e-07    1.542653e-06       14.8%
2026-08-22 14:05:58 - emm_dti - INFO - test_gradient_flow:146 - protein_mamba.backward_layers.1.out_proj.weight    7.267247e-05    1.758788e-03        0.0%
2026-08-22 14:05:58 - emm_dti - INFO - test_gradient_flow:146 - protein_mamba.backward_layers.1.out_proj.bias      1.820074e-02    7.963378e-02        0.0%
2026-08-22 14:05:58 - emm_dti - INFO - test_gradient_flow:146 - protein_mamba.output_proj.weight                   1.060368e-03    6.751957e-03        0.0%
2026-08-22 14:05:58 - emm_dti - INFO - test_gradient_flow:146 - protein_mamba.output_proj.bias                     2.428542e-02    7.334847e-02        0.0%
2026-08-22 14:05:58 - emm_dti - INFO - test_gradient_flow:146 - interaction_cnn.0.weight                           1.451628e-03    4.048886e-03       11.1%
2026-08-22 14:05:58 - emm_dti - INFO - test_gradient_flow:146 - interaction_cnn.0.bias                             2.196271e-03    4.350588e-03        0.0%
2026-08-22 14:05:58 - emm_dti - INFO - test_gradient_flow:146 - predictor.0.weight                                 7.740169e-04    2.501688e-02       50.4%
2026-08-22 14:05:58 - emm_dti - INFO - test_gradient_flow:146 - predictor.0.bias                                   3.373151e-03    2.806064e-02       50.4%
2026-08-22 14:05:58 - emm_dti - INFO - test_gradient_flow:146 - predictor.3.weight                                 6.004913e-04    2.254360e-02       63.4%
2026-08-22 14:05:58 - emm_dti - INFO - test_gradient_flow:146 - predictor.3.bias                                   6.395153e-03    3.704450e-02       25.0%
2026-08-22 14:05:58 - emm_dti - INFO - test_gradient_flow:146 - predictor.6.weight                                 9.550172e-03    7.423351e-02       25.0%
2026-08-22 14:05:58 - emm_dti - INFO - test_gradient_flow:146 - predictor.6.bias                                   1.176220e-01    1.176220e-01        0.0%
2026-08-22 14:05:58 - emm_dti - INFO - test_gradient_flow:156 - ------------------------------------------------------------------------------------------
2026-08-22 14:05:58 - emm_dti - INFO - test_gradient_flow:157 - TOTAL                                              Total Norm      7.827008e-01       11.5%
2026-08-22 14:05:58 - emm_dti - INFO - test_gradient_flow:167 - ✅ Gradient flow looks healthy!
2026-08-22 14:05:58 - emm_dti - INFO - test_gradient_flow:174 - Loss decreased: 0.723273
2026-08-22 14:05:59 - emm_dti - INFO - test_gradient_flow:102 - 
--- Batch 2/5 ---
2026-08-22 14:05:59 - emm_dti - INFO - test_gradient_flow:113 - Loss: 0.658186
2026-08-22 14:05:59 - emm_dti - INFO - test_gradient_flow:120 - 
Gradient Statistics:
2026-08-22 14:05:59 - emm_dti - INFO - test_gradient_flow:121 - Layer                                              Mean Grad       Max Grad        Dead (0s)
2026-08-22 14:05:59 - emm_dti - INFO - test_gradient_flow:122 - ------------------------------------------------------------------------------------------
2026-08-22 14:05:59 - emm_dti - INFO - test_gradient_flow:146 - embedding.weight                                   2.897661e-05    1.193258e-03        1.0%
2026-08-22 14:05:59 - emm_dti - INFO - test_gradient_flow:146 - embedding_norm.weight                              2.559345e-04    1.366104e-03        0.0%
2026-08-22 14:05:59 - emm_dti - INFO - test_gradient_flow:146 - embedding_norm.bias                                3.851803e-04    1.323266e-03        0.0%
2026-08-22 14:05:59 - emm_dti - INFO - test_gradient_flow:146 - drug_mamba.output_scale                            7.923283e-03    7.923283e-03        0.0%
2026-08-22 14:05:59 - emm_dti - INFO - test_gradient_flow:146 - drug_mamba.input_proj.weight                       2.021129e-04    1.117875e-03        0.0%
2026-08-22 14:05:59 - emm_dti - INFO - test_gradient_flow:146 - drug_mamba.input_proj.bias                         2.617380e-04    6.822040e-04        0.0%
2026-08-22 14:05:59 - emm_dti - INFO - test_gradient_flow:146 - drug_mamba.forward_layers.0.A_log                  2.561798e-07    2.727832e-05       24.4%
2026-08-22 14:05:59 - emm_dti - INFO - test_gradient_flow:146 - drug_mamba.forward_layers.0.D                      5.567151e-05    1.064635e-03        0.0%
2026-08-22 14:05:59 - emm_dti - INFO - test_gradient_flow:146 - drug_mamba.forward_layers.0.in_proj.weight         7.202329e-05    5.266671e-03        0.0%
2026-08-22 14:05:59 - emm_dti - INFO - test_gradient_flow:146 - drug_mamba.forward_layers.0.in_proj.bias           7.547029e-05    1.715884e-03        0.0%
2026-08-22 14:05:59 - emm_dti - INFO - test_gradient_flow:146 - drug_mamba.forward_layers.0.conv1d.weight          7.347090e-05    9.319375e-04        0.0%
2026-08-22 14:05:59 - emm_dti - INFO - test_gradient_flow:146 - drug_mamba.forward_layers.0.conv1d.bias            1.273219e-04    1.136277e-03        0.0%
2026-08-22 14:05:59 - emm_dti - INFO - test_gradient_flow:146 - drug_mamba.forward_layers.0.x_proj.weight          1.288427e-05    8.694744e-04        0.4%
2026-08-22 14:05:59 - emm_dti - INFO - test_gradient_flow:146 - drug_mamba.forward_layers.0.dt_proj.weight         1.878935e-07    5.203063e-06       10.2%
2026-08-22 14:05:59 - emm_dti - INFO - test_gradient_flow:146 - drug_mamba.forward_layers.0.dt_proj.bias           5.626137e-07    7.036204e-06        1.6%
2026-08-22 14:05:59 - emm_dti - INFO - test_gradient_flow:146 - drug_mamba.forward_layers.0.out_proj.weight        6.482894e-05    1.385582e-03        0.0%
2026-08-22 14:05:59 - emm_dti - INFO - test_gradient_flow:146 - drug_mamba.forward_layers.0.out_proj.bias          1.446774e-03    4.490457e-03        0.0%
2026-08-22 14:05:59 - emm_dti - INFO - test_gradient_flow:146 - drug_mamba.forward_layers.1.A_log                  2.728042e-07    2.043192e-05       24.8%
2026-08-22 14:05:59 - emm_dti - INFO - test_gradient_flow:146 - drug_mamba.forward_layers.1.D                      1.390591e-04    8.955034e-04        0.0%
2026-08-22 14:05:59 - emm_dti - INFO - test_gradient_flow:146 - drug_mamba.forward_layers.1.in_proj.weight         8.992043e-05    1.857396e-03        0.1%
2026-08-22 14:05:59 - emm_dti - INFO - test_gradient_flow:146 - drug_mamba.forward_layers.1.in_proj.bias           9.571339e-04    7.749664e-03        0.0%
2026-08-22 14:05:59 - emm_dti - INFO - test_gradient_flow:146 - drug_mamba.forward_layers.1.conv1d.weight          4.535093e-05    4.976217e-04        0.0%
2026-08-22 14:05:59 - emm_dti - INFO - test_gradient_flow:146 - drug_mamba.forward_layers.1.conv1d.bias            5.284777e-04    3.605137e-03        0.0%
2026-08-22 14:05:59 - emm_dti - INFO - test_gradient_flow:146 - drug_mamba.forward_layers.1.x_proj.weight          1.004507e-05    1.997323e-04        0.2%
2026-08-22 14:05:59 - emm_dti - INFO - test_gradient_flow:146 - drug_mamba.forward_layers.1.dt_proj.weight         6.289909e-08    1.647284e-06       39.5%
2026-08-22 14:05:59 - emm_dti - INFO - test_gradient_flow:146 - drug_mamba.forward_layers.1.dt_proj.bias           1.267384e-06    1.223296e-05        1.6%
2026-08-22 14:05:59 - emm_dti - INFO - test_gradient_flow:146 - drug_mamba.forward_layers.1.out_proj.weight        1.870339e-04    2.964998e-03        0.0%
2026-08-22 14:05:59 - emm_dti - INFO - test_gradient_flow:146 - drug_mamba.forward_layers.1.out_proj.bias          3.627383e-02    1.085734e-01        0.0%
2026-08-22 14:05:59 - emm_dti - INFO - test_gradient_flow:146 - drug_mamba.backward_layers.0.A_log                 8.469420e-07    1.181205e-04       15.5%
2026-08-22 14:05:59 - emm_dti - INFO - test_gradient_flow:146 - drug_mamba.backward_layers.0.D                     7.405173e-05    2.044449e-03        0.0%
2026-08-22 14:05:59 - emm_dti - INFO - test_gradient_flow:146 - drug_mamba.backward_layers.0.in_proj.weight        7.555188e-05    4.958722e-03        0.0%
2026-08-22 14:05:59 - emm_dti - INFO - test_gradient_flow:146 - drug_mamba.backward_layers.0.in_proj.bias          8.607054e-05    1.525516e-03        0.0%
2026-08-22 14:05:59 - emm_dti - INFO - test_gradient_flow:146 - drug_mamba.backward_layers.0.conv1d.weight         1.119490e-04    1.294538e-03        0.0%
2026-08-22 14:05:59 - emm_dti - INFO - test_gradient_flow:146 - drug_mamba.backward_layers.0.conv1d.bias           1.558109e-04    1.272615e-03        0.0%
2026-08-22 14:05:59 - emm_dti - INFO - test_gradient_flow:146 - drug_mamba.backward_layers.0.x_proj.weight         2.996757e-05    1.299411e-03        0.1%
2026-08-22 14:05:59 - emm_dti - INFO - test_gradient_flow:146 - drug_mamba.backward_layers.0.dt_proj.weight        7.645123e-06    3.049925e-04        0.6%
2026-08-22 14:05:59 - emm_dti - INFO - test_gradient_flow:146 - drug_mamba.backward_layers.0.dt_proj.bias          1.440691e-05    3.440243e-04        1.6%
2026-08-22 14:05:59 - emm_dti - INFO - test_gradient_flow:146 - drug_mamba.backward_layers.0.out_proj.weight       6.160814e-05    4.415493e-03        0.0%
2026-08-22 14:05:59 - emm_dti - INFO - test_gradient_flow:146 - drug_mamba.backward_layers.0.out_proj.bias         2.173677e-03    7.384029e-03        0.0%
2026-08-22 14:05:59 - emm_dti - INFO - test_gradient_flow:146 - drug_mamba.backward_layers.1.A_log                 1.944619e-07    4.654472e-06       28.1%
2026-08-22 14:05:59 - emm_dti - INFO - test_gradient_flow:146 - drug_mamba.backward_layers.1.D                     1.415790e-04    2.180898e-03        0.0%
2026-08-22 14:05:59 - emm_dti - INFO - test_gradient_flow:146 - drug_mamba.backward_layers.1.in_proj.weight        8.916356e-05    2.300927e-03        0.1%
2026-08-22 14:05:59 - emm_dti - INFO - test_gradient_flow:146 - drug_mamba.backward_layers.1.in_proj.bias          1.212736e-03    1.088936e-02        0.0%
2026-08-22 14:05:59 - emm_dti - INFO - test_gradient_flow:146 - drug_mamba.backward_layers.1.conv1d.weight         4.799632e-05    4.603857e-04        0.0%
2026-08-22 14:05:59 - emm_dti - INFO - test_gradient_flow:146 - drug_mamba.backward_layers.1.conv1d.bias           5.165965e-04    5.114171e-03        0.0%
2026-08-22 14:05:59 - emm_dti - INFO - test_gradient_flow:146 - drug_mamba.backward_layers.1.x_proj.weight         5.640801e-06    8.432029e-05        3.6%
2026-08-22 14:05:59 - emm_dti - INFO - test_gradient_flow:146 - drug_mamba.backward_layers.1.dt_proj.weight        3.043610e-08    9.786329e-07       45.9%
2026-08-22 14:05:59 - emm_dti - INFO - test_gradient_flow:146 - drug_mamba.backward_layers.1.dt_proj.bias          1.893514e-07    2.923733e-06       14.8%
2026-08-22 14:05:59 - emm_dti - INFO - test_gradient_flow:146 - drug_mamba.backward_layers.1.out_proj.weight       1.983226e-04    4.286555e-03        0.0%
2026-08-22 14:05:59 - emm_dti - INFO - test_gradient_flow:146 - drug_mamba.backward_layers.1.out_proj.bias         4.231184e-02    1.337896e-01        0.0%
2026-08-22 14:05:59 - emm_dti - INFO - test_gradient_flow:146 - drug_mamba.output_proj.weight                      2.201810e-03    1.586362e-02        0.0%
2026-08-22 14:05:59 - emm_dti - INFO - test_gradient_flow:146 - drug_mamba.output_proj.bias                        4.864603e-02    1.508745e-01        0.0%
2026-08-22 14:05:59 - emm_dti - INFO - test_gradient_flow:146 - protein_mamba.output_scale                         5.418218e-03    5.418218e-03        0.0%
2026-08-22 14:05:59 - emm_dti - INFO - test_gradient_flow:146 - protein_mamba.input_proj.weight                    1.833916e-04    1.040296e-03        0.0%
2026-08-22 14:05:59 - emm_dti - INFO - test_gradient_flow:146 - protein_mamba.input_proj.bias                      3.110685e-04    8.997582e-04        0.0%
2026-08-22 14:05:59 - emm_dti - INFO - test_gradient_flow:146 - protein_mamba.forward_layers.0.A_log               3.030882e-07    1.003453e-05       16.8%
2026-08-22 14:05:59 - emm_dti - INFO - test_gradient_flow:146 - protein_mamba.forward_layers.0.D                   6.192959e-05    5.204722e-04        0.0%
2026-08-22 14:05:59 - emm_dti - INFO - test_gradient_flow:146 - protein_mamba.forward_layers.0.in_proj.weight      7.461236e-05    2.247427e-03        0.0%
2026-08-22 14:05:59 - emm_dti - INFO - test_gradient_flow:146 - protein_mamba.forward_layers.0.in_proj.bias        1.237158e-04    1.370539e-03        0.0%
2026-08-22 14:05:59 - emm_dti - INFO - test_gradient_flow:146 - protein_mamba.forward_layers.0.conv1d.weight       7.506186e-05    7.883534e-04        0.0%
2026-08-22 14:05:59 - emm_dti - INFO - test_gradient_flow:146 - protein_mamba.forward_layers.0.conv1d.bias         1.898449e-04    1.695978e-03        0.0%
2026-08-22 14:05:59 - emm_dti - INFO - test_gradient_flow:146 - protein_mamba.forward_layers.0.x_proj.weight       1.110610e-05    4.393443e-04        0.4%
2026-08-22 14:05:59 - emm_dti - INFO - test_gradient_flow:146 - protein_mamba.forward_layers.0.dt_proj.weight      2.251443e-07    4.979282e-06        7.6%
2026-08-22 14:05:59 - emm_dti - INFO - test_gradient_flow:146 - protein_mamba.forward_layers.0.dt_proj.bias        7.096673e-07    6.293069e-06        0.0%
2026-08-22 14:05:59 - emm_dti - INFO - test_gradient_flow:146 - protein_mamba.forward_layers.0.out_proj.weight     8.086769e-05    4.119226e-03        0.0%
2026-08-22 14:05:59 - emm_dti - INFO - test_gradient_flow:146 - protein_mamba.forward_layers.0.out_proj.bias       2.496548e-03    9.643916e-03        0.0%
2026-08-22 14:05:59 - emm_dti - INFO - test_gradient_flow:146 - protein_mamba.forward_layers.1.A_log               6.237033e-07    4.624588e-05       20.7%
2026-08-22 14:05:59 - emm_dti - INFO - test_gradient_flow:146 - protein_mamba.forward_layers.1.D                   1.781312e-04    3.062090e-03        0.0%
2026-08-22 14:05:59 - emm_dti - INFO - test_gradient_flow:146 - protein_mamba.forward_layers.1.in_proj.weight      9.093643e-05    4.193080e-03        0.0%
2026-08-22 14:05:59 - emm_dti - INFO - test_gradient_flow:146 - protein_mamba.forward_layers.1.in_proj.bias        1.268536e-03    2.170632e-02        0.0%
2026-08-22 14:05:59 - emm_dti - INFO - test_gradient_flow:146 - protein_mamba.forward_layers.1.conv1d.weight       5.772016e-05    4.981316e-04        0.0%
2026-08-22 14:05:59 - emm_dti - INFO - test_gradient_flow:146 - protein_mamba.forward_layers.1.conv1d.bias         7.013250e-04    8.149548e-03        0.0%
2026-08-22 14:05:59 - emm_dti - INFO - test_gradient_flow:146 - protein_mamba.forward_layers.1.x_proj.weight       6.771928e-06    7.836011e-05        0.7%
2026-08-22 14:05:59 - emm_dti - INFO - test_gradient_flow:146 - protein_mamba.forward_layers.1.dt_proj.weight      3.162040e-07    1.137307e-05        8.6%
2026-08-22 14:05:59 - emm_dti - INFO - test_gradient_flow:146 - protein_mamba.forward_layers.1.dt_proj.bias        2.040797e-06    3.340204e-05        0.0%
2026-08-22 14:05:59 - emm_dti - INFO - test_gradient_flow:146 - protein_mamba.forward_layers.1.out_proj.weight     2.143437e-04    2.978322e-03        0.0%
2026-08-22 14:05:59 - emm_dti - INFO - test_gradient_flow:146 - protein_mamba.forward_layers.1.out_proj.bias       4.696490e-02    1.411400e-01        0.0%
2026-08-22 14:05:59 - emm_dti - INFO - test_gradient_flow:146 - protein_mamba.backward_layers.0.A_log              3.343293e-07    4.427383e-05       19.3%
2026-08-22 14:05:59 - emm_dti - INFO - test_gradient_flow:146 - protein_mamba.backward_layers.0.D                  4.833224e-05    5.508575e-04        0.0%
2026-08-22 14:05:59 - emm_dti - INFO - test_gradient_flow:146 - protein_mamba.backward_layers.0.in_proj.weight     7.129082e-05    1.867819e-03        0.0%
2026-08-22 14:05:59 - emm_dti - INFO - test_gradient_flow:146 - protein_mamba.backward_layers.0.in_proj.bias       1.019870e-04    8.469931e-04        0.0%
2026-08-22 14:05:59 - emm_dti - INFO - test_gradient_flow:146 - protein_mamba.backward_layers.0.conv1d.weight      6.934578e-05    1.060224e-03        0.0%
2026-08-22 14:05:59 - emm_dti - INFO - test_gradient_flow:146 - protein_mamba.backward_layers.0.conv1d.bias        1.358848e-04    8.297025e-04        0.0%
2026-08-22 14:05:59 - emm_dti - INFO - test_gradient_flow:146 - protein_mamba.backward_layers.0.x_proj.weight      1.286815e-05    9.715022e-04        0.6%
2026-08-22 14:05:59 - emm_dti - INFO - test_gradient_flow:146 - protein_mamba.backward_layers.0.dt_proj.weight     1.086895e-06    2.244162e-05        7.0%
2026-08-22 14:05:59 - emm_dti - INFO - test_gradient_flow:146 - protein_mamba.backward_layers.0.dt_proj.bias       2.235776e-06    2.431109e-05        1.6%
2026-08-22 14:05:59 - emm_dti - INFO - test_gradient_flow:146 - protein_mamba.backward_layers.0.out_proj.weight    6.287715e-05    2.675237e-03        0.0%
2026-08-22 14:05:59 - emm_dti - INFO - test_gradient_flow:146 - protein_mamba.backward_layers.0.out_proj.bias      1.872518e-03    8.288431e-03        0.0%
2026-08-22 14:05:59 - emm_dti - INFO - test_gradient_flow:146 - protein_mamba.backward_layers.1.A_log              2.994959e-07    1.230819e-05       29.4%
2026-08-22 14:05:59 - emm_dti - INFO - test_gradient_flow:146 - protein_mamba.backward_layers.1.D                  1.290026e-04    9.531347e-04        0.0%
2026-08-22 14:05:59 - emm_dti - INFO - test_gradient_flow:146 - protein_mamba.backward_layers.1.in_proj.weight     8.080378e-05    1.920420e-03        0.1%
2026-08-22 14:05:59 - emm_dti - INFO - test_gradient_flow:146 - protein_mamba.backward_layers.1.in_proj.bias       1.011127e-03    8.941047e-03        0.0%
2026-08-22 14:05:59 - emm_dti - INFO - test_gradient_flow:146 - protein_mamba.backward_layers.1.conv1d.weight      5.726295e-05    5.981787e-04        0.0%
2026-08-22 14:05:59 - emm_dti - INFO - test_gradient_flow:146 - protein_mamba.backward_layers.1.conv1d.bias        5.978563e-04    3.604835e-03        0.0%
2026-08-22 14:05:59 - emm_dti - INFO - test_gradient_flow:146 - protein_mamba.backward_layers.1.x_proj.weight      1.278944e-06    1.560215e-05        3.2%
2026-08-22 14:05:59 - emm_dti - INFO - test_gradient_flow:146 - protein_mamba.backward_layers.1.dt_proj.weight     9.219792e-08    1.068220e-06       29.5%
2026-08-22 14:05:59 - emm_dti - INFO - test_gradient_flow:146 - protein_mamba.backward_layers.1.dt_proj.bias       5.120701e-07    3.588853e-06        6.2%
2026-08-22 14:05:59 - emm_dti - INFO - test_gradient_flow:146 - protein_mamba.backward_layers.1.out_proj.weight    1.562066e-04    2.940264e-03        0.0%
2026-08-22 14:05:59 - emm_dti - INFO - test_gradient_flow:146 - protein_mamba.backward_layers.1.out_proj.bias      3.993469e-02    1.226519e-01        0.0%
2026-08-22 14:05:59 - emm_dti - INFO - test_gradient_flow:146 - protein_mamba.output_proj.weight                   2.353867e-03    1.688745e-02        0.0%
2026-08-22 14:05:59 - emm_dti - INFO - test_gradient_flow:146 - protein_mamba.output_proj.bias                     5.385951e-02    1.834783e-01        0.0%
2026-08-22 14:05:59 - emm_dti - INFO - test_gradient_flow:146 - interaction_cnn.0.weight                           6.390125e-03    1.049155e-02       11.1%
2026-08-22 14:05:59 - emm_dti - INFO - test_gradient_flow:146 - interaction_cnn.0.bias                             1.038617e-02    1.108824e-02        0.0%
2026-08-22 14:05:59 - emm_dti - INFO - test_gradient_flow:146 - predictor.0.weight                                 1.606535e-03    4.034219e-02       50.4%
2026-08-22 14:05:59 - emm_dti - INFO - test_gradient_flow:146 - predictor.0.bias                                   7.049034e-03    4.816032e-02       50.4%
2026-08-22 14:05:59 - emm_dti - INFO - test_gradient_flow:146 - predictor.3.weight                                 1.313158e-03    4.350304e-02       65.7%
2026-08-22 14:05:59 - emm_dti - INFO - test_gradient_flow:146 - predictor.3.bias                                   1.412782e-02    6.843755e-02       29.7%
2026-08-22 14:05:59 - emm_dti - INFO - test_gradient_flow:146 - predictor.6.weight                                 2.235692e-02    2.153789e-01       29.7%
2026-08-22 14:05:59 - emm_dti - INFO - test_gradient_flow:146 - predictor.6.bias                                   2.888377e-01    2.888377e-01        0.0%
2026-08-22 14:05:59 - emm_dti - INFO - test_gradient_flow:156 - ------------------------------------------------------------------------------------------
2026-08-22 14:05:59 - emm_dti - INFO - test_gradient_flow:157 - TOTAL                                              Total Norm      1.637267e+00       11.2%
2026-08-22 14:05:59 - emm_dti - INFO - test_gradient_flow:167 - ✅ Gradient flow looks healthy!
2026-08-22 14:05:59 - emm_dti - INFO - test_gradient_flow:174 - Loss decreased: 0.658186
2026-08-22 14:05:59 - emm_dti - INFO - test_gradient_flow:102 - 
--- Batch 3/5 ---
2026-08-22 14:05:59 - emm_dti - INFO - test_gradient_flow:113 - Loss: 0.691002
2026-08-22 14:05:59 - emm_dti - INFO - test_gradient_flow:120 - 
Gradient Statistics:
2026-08-22 14:05:59 - emm_dti - INFO - test_gradient_flow:121 - Layer                                              Mean Grad       Max Grad        Dead (0s)
2026-08-22 14:05:59 - emm_dti - INFO - test_gradient_flow:122 - ------------------------------------------------------------------------------------------
2026-08-22 14:05:59 - emm_dti - INFO - test_gradient_flow:146 - embedding.weight                                   2.175944e-05    6.913064e-04        1.5%
2026-08-22 14:05:59 - emm_dti - INFO - test_gradient_flow:146 - embedding_norm.weight                              7.852726e-05    3.647357e-04        0.0%
2026-08-22 14:05:59 - emm_dti - INFO - test_gradient_flow:146 - embedding_norm.bias                                1.076645e-04    3.562022e-04        0.0%
2026-08-22 14:05:59 - emm_dti - INFO - test_gradient_flow:146 - drug_mamba.output_scale                            1.162823e-03    1.162823e-03        0.0%
2026-08-22 14:05:59 - emm_dti - INFO - test_gradient_flow:146 - drug_mamba.input_proj.weight                       8.871211e-05    6.227802e-04        0.0%
2026-08-22 14:05:59 - emm_dti - INFO - test_gradient_flow:146 - drug_mamba.input_proj.bias                         1.000027e-04    3.627523e-04        0.0%
2026-08-22 14:05:59 - emm_dti - INFO - test_gradient_flow:146 - drug_mamba.forward_layers.0.A_log                  1.540411e-07    9.460469e-06       30.2%
2026-08-22 14:05:59 - emm_dti - INFO - test_gradient_flow:146 - drug_mamba.forward_layers.0.D                      3.370491e-05    3.643364e-04        0.0%
2026-08-22 14:05:59 - emm_dti - INFO - test_gradient_flow:146 - drug_mamba.forward_layers.0.in_proj.weight         4.629247e-05    1.923307e-03        0.0%
2026-08-22 14:05:59 - emm_dti - INFO - test_gradient_flow:146 - drug_mamba.forward_layers.0.in_proj.bias           4.253073e-05    6.221387e-04        0.0%
2026-08-22 14:05:59 - emm_dti - INFO - test_gradient_flow:146 - drug_mamba.forward_layers.0.conv1d.weight          5.806983e-05    5.999733e-04        0.0%
2026-08-22 14:05:59 - emm_dti - INFO - test_gradient_flow:146 - drug_mamba.forward_layers.0.conv1d.bias            7.484159e-05    5.405843e-04        0.0%
2026-08-22 14:05:59 - emm_dti - INFO - test_gradient_flow:146 - drug_mamba.forward_layers.0.x_proj.weight          6.146140e-06    4.839778e-04        0.5%
2026-08-22 14:05:59 - emm_dti - INFO - test_gradient_flow:146 - drug_mamba.forward_layers.0.dt_proj.weight         1.629127e-07    6.029099e-06       15.6%
2026-08-22 14:05:59 - emm_dti - INFO - test_gradient_flow:146 - drug_mamba.forward_layers.0.dt_proj.bias           4.158108e-07    1.240962e-05        7.8%
2026-08-22 14:05:59 - emm_dti - INFO - test_gradient_flow:146 - drug_mamba.forward_layers.0.out_proj.weight        3.688703e-05    7.331958e-04        0.1%
2026-08-22 14:05:59 - emm_dti - INFO - test_gradient_flow:146 - drug_mamba.forward_layers.0.out_proj.bias          6.036914e-04    2.271322e-03        0.0%
2026-08-22 14:05:59 - emm_dti - INFO - test_gradient_flow:146 - drug_mamba.forward_layers.1.A_log                  8.854222e-08    7.545242e-06       44.2%
2026-08-22 14:05:59 - emm_dti - INFO - test_gradient_flow:146 - drug_mamba.forward_layers.1.D                      4.925445e-05    3.607498e-04        0.0%
2026-08-22 14:05:59 - emm_dti - INFO - test_gradient_flow:146 - drug_mamba.forward_layers.1.in_proj.weight         3.996401e-05    9.347405e-04        0.1%
2026-08-22 14:05:59 - emm_dti - INFO - test_gradient_flow:146 - drug_mamba.forward_layers.1.in_proj.bias           2.943749e-04    2.898993e-03        0.0%
2026-08-22 14:05:59 - emm_dti - INFO - test_gradient_flow:146 - drug_mamba.forward_layers.1.conv1d.weight          1.744746e-05    1.563319e-04        0.0%
2026-08-22 14:05:59 - emm_dti - INFO - test_gradient_flow:146 - drug_mamba.forward_layers.1.conv1d.bias            1.837581e-04    1.230174e-03        0.0%
2026-08-22 14:05:59 - emm_dti - INFO - test_gradient_flow:146 - drug_mamba.forward_layers.1.x_proj.weight          1.207141e-06    1.158949e-05        1.2%
2026-08-22 14:05:59 - emm_dti - INFO - test_gradient_flow:146 - drug_mamba.forward_layers.1.dt_proj.weight         2.988853e-08    7.271876e-07       56.8%
2026-08-22 14:05:59 - emm_dti - INFO - test_gradient_flow:146 - drug_mamba.forward_layers.1.dt_proj.bias           5.242251e-07    5.504676e-06        3.9%
2026-08-22 14:05:59 - emm_dti - INFO - test_gradient_flow:146 - drug_mamba.forward_layers.1.out_proj.weight        7.216547e-05    1.014115e-03        0.0%
2026-08-22 14:05:59 - emm_dti - INFO - test_gradient_flow:146 - drug_mamba.forward_layers.1.out_proj.bias          1.122543e-02    3.041368e-02        0.0%
2026-08-22 14:05:59 - emm_dti - INFO - test_gradient_flow:146 - drug_mamba.backward_layers.0.A_log                 5.333662e-07    4.134322e-05       17.7%
2026-08-22 14:05:59 - emm_dti - INFO - test_gradient_flow:146 - drug_mamba.backward_layers.0.D                     3.004787e-05    5.462490e-04        0.0%
2026-08-22 14:05:59 - emm_dti - INFO - test_gradient_flow:146 - drug_mamba.backward_layers.0.in_proj.weight        3.302385e-05    1.107818e-03        0.0%
2026-08-22 14:05:59 - emm_dti - INFO - test_gradient_flow:146 - drug_mamba.backward_layers.0.in_proj.bias          2.556257e-05    3.551430e-04        0.0%
2026-08-22 14:05:59 - emm_dti - INFO - test_gradient_flow:146 - drug_mamba.backward_layers.0.conv1d.weight         3.970613e-05    3.398415e-04        0.0%
2026-08-22 14:05:59 - emm_dti - INFO - test_gradient_flow:146 - drug_mamba.backward_layers.0.conv1d.bias           4.483581e-05    2.935503e-04        0.0%
2026-08-22 14:05:59 - emm_dti - INFO - test_gradient_flow:146 - drug_mamba.backward_layers.0.x_proj.weight         4.306178e-06    2.193800e-04        0.6%
2026-08-22 14:05:59 - emm_dti - INFO - test_gradient_flow:146 - drug_mamba.backward_layers.0.dt_proj.weight        3.711661e-06    1.364853e-04        0.8%
2026-08-22 14:05:59 - emm_dti - INFO - test_gradient_flow:146 - drug_mamba.backward_layers.0.dt_proj.bias          7.069666e-06    1.534414e-04        0.0%
2026-08-22 14:05:59 - emm_dti - INFO - test_gradient_flow:146 - drug_mamba.backward_layers.0.out_proj.weight       2.801186e-05    1.208777e-03        0.0%
2026-08-22 14:05:59 - emm_dti - INFO - test_gradient_flow:146 - drug_mamba.backward_layers.0.out_proj.bias         5.250353e-04    1.604642e-03        0.0%
2026-08-22 14:05:59 - emm_dti - INFO - test_gradient_flow:146 - drug_mamba.backward_layers.1.A_log                 5.841649e-08    1.954453e-06       41.7%
2026-08-22 14:05:59 - emm_dti - INFO - test_gradient_flow:146 - drug_mamba.backward_layers.1.D                     4.160628e-05    7.145745e-04        0.8%
2026-08-22 14:05:59 - emm_dti - INFO - test_gradient_flow:146 - drug_mamba.backward_layers.1.in_proj.weight        3.061878e-05    6.196792e-04        0.1%
2026-08-22 14:05:59 - emm_dti - INFO - test_gradient_flow:146 - drug_mamba.backward_layers.1.in_proj.bias          3.008726e-04    2.541243e-03        0.0%
2026-08-22 14:05:59 - emm_dti - INFO - test_gradient_flow:146 - drug_mamba.backward_layers.1.conv1d.weight         1.664125e-05    1.674956e-04        0.0%
2026-08-22 14:05:59 - emm_dti - INFO - test_gradient_flow:146 - drug_mamba.backward_layers.1.conv1d.bias           1.504011e-04    1.666316e-03        0.0%
2026-08-22 14:05:59 - emm_dti - INFO - test_gradient_flow:146 - drug_mamba.backward_layers.1.x_proj.weight         1.037465e-06    8.281333e-06        4.5%
2026-08-22 14:05:59 - emm_dti - INFO - test_gradient_flow:146 - drug_mamba.backward_layers.1.dt_proj.weight        9.206845e-09    4.952780e-07       78.3%
2026-08-22 14:05:59 - emm_dti - INFO - test_gradient_flow:146 - drug_mamba.backward_layers.1.dt_proj.bias          5.768398e-08    1.506069e-06       25.8%
2026-08-22 14:05:59 - emm_dti - INFO - test_gradient_flow:146 - drug_mamba.backward_layers.1.out_proj.weight       5.440215e-05    1.255761e-03        0.1%
2026-08-22 14:05:59 - emm_dti - INFO - test_gradient_flow:146 - drug_mamba.backward_layers.1.out_proj.bias         1.038394e-02    3.654324e-02        0.0%
2026-08-22 14:05:59 - emm_dti - INFO - test_gradient_flow:146 - drug_mamba.output_proj.weight                      6.990589e-04    4.406595e-03        0.0%
2026-08-22 14:05:59 - emm_dti - INFO - test_gradient_flow:146 - drug_mamba.output_proj.bias                        1.538091e-02    4.219627e-02        0.0%
2026-08-22 14:05:59 - emm_dti - INFO - test_gradient_flow:146 - protein_mamba.output_scale                         7.139035e-04    7.139035e-04        0.0%
2026-08-22 14:05:59 - emm_dti - INFO - test_gradient_flow:146 - protein_mamba.input_proj.weight                    4.309692e-05    2.982571e-04        0.0%
2026-08-22 14:05:59 - emm_dti - INFO - test_gradient_flow:146 - protein_mamba.input_proj.bias                      6.681668e-05    1.758364e-04        0.0%
2026-08-22 14:05:59 - emm_dti - INFO - test_gradient_flow:146 - protein_mamba.forward_layers.0.A_log               8.726808e-08    3.326791e-06       27.3%
2026-08-22 14:05:59 - emm_dti - INFO - test_gradient_flow:146 - protein_mamba.forward_layers.0.D                   1.637165e-05    1.998409e-04        0.0%
2026-08-22 14:05:59 - emm_dti - INFO - test_gradient_flow:146 - protein_mamba.forward_layers.0.in_proj.weight      2.004906e-05    4.018646e-04        0.1%
2026-08-22 14:05:59 - emm_dti - INFO - test_gradient_flow:146 - protein_mamba.forward_layers.0.in_proj.bias        3.072387e-05    2.245943e-04        0.0%
2026-08-22 14:05:59 - emm_dti - INFO - test_gradient_flow:146 - protein_mamba.forward_layers.0.conv1d.weight       2.110838e-05    2.612880e-04        0.0%
2026-08-22 14:05:59 - emm_dti - INFO - test_gradient_flow:146 - protein_mamba.forward_layers.0.conv1d.bias         4.555285e-05    2.851560e-04        0.0%
2026-08-22 14:05:59 - emm_dti - INFO - test_gradient_flow:146 - protein_mamba.forward_layers.0.x_proj.weight       1.576516e-06    2.914047e-05        0.7%
2026-08-22 14:05:59 - emm_dti - INFO - test_gradient_flow:146 - protein_mamba.forward_layers.0.dt_proj.weight      1.088745e-07    1.445195e-06       13.9%
2026-08-22 14:05:59 - emm_dti - INFO - test_gradient_flow:146 - protein_mamba.forward_layers.0.dt_proj.bias        3.010475e-07    2.454715e-06        5.5%
2026-08-22 14:05:59 - emm_dti - INFO - test_gradient_flow:146 - protein_mamba.forward_layers.0.out_proj.weight     2.288041e-05    7.106643e-04        0.0%
2026-08-22 14:05:59 - emm_dti - INFO - test_gradient_flow:146 - protein_mamba.forward_layers.0.out_proj.bias       6.955834e-04    1.930238e-03        0.0%
2026-08-22 14:05:59 - emm_dti - INFO - test_gradient_flow:146 - protein_mamba.forward_layers.1.A_log               1.933205e-07    1.166928e-05       33.8%
2026-08-22 14:05:59 - emm_dti - INFO - test_gradient_flow:146 - protein_mamba.forward_layers.1.D                   5.410144e-05    5.515988e-04        0.8%
2026-08-22 14:05:59 - emm_dti - INFO - test_gradient_flow:146 - protein_mamba.forward_layers.1.in_proj.weight      2.618806e-05    7.380680e-04        0.1%
2026-08-22 14:05:59 - emm_dti - INFO - test_gradient_flow:146 - protein_mamba.forward_layers.1.in_proj.bias        3.760529e-04    4.325386e-03        0.0%
2026-08-22 14:05:59 - emm_dti - INFO - test_gradient_flow:146 - protein_mamba.forward_layers.1.conv1d.weight       1.617666e-05    1.012308e-04        0.0%
2026-08-22 14:05:59 - emm_dti - INFO - test_gradient_flow:146 - protein_mamba.forward_layers.1.conv1d.bias         2.183092e-04    1.448656e-03        0.0%
2026-08-22 14:05:59 - emm_dti - INFO - test_gradient_flow:146 - protein_mamba.forward_layers.1.x_proj.weight       8.455451e-07    8.638716e-06        2.9%
2026-08-22 14:05:59 - emm_dti - INFO - test_gradient_flow:146 - protein_mamba.forward_layers.1.dt_proj.weight      9.635595e-08    2.035239e-06       21.3%
2026-08-22 14:05:59 - emm_dti - INFO - test_gradient_flow:146 - protein_mamba.forward_layers.1.dt_proj.bias        6.370183e-07    5.951939e-06        2.3%
2026-08-22 14:05:59 - emm_dti - INFO - test_gradient_flow:146 - protein_mamba.forward_layers.1.out_proj.weight     5.984327e-05    9.547041e-04        0.0%
2026-08-22 14:05:59 - emm_dti - INFO - test_gradient_flow:146 - protein_mamba.forward_layers.1.out_proj.bias       1.339778e-02    4.954649e-02        0.0%
2026-08-22 14:05:59 - emm_dti - INFO - test_gradient_flow:146 - protein_mamba.backward_layers.0.A_log              1.157747e-07    1.768506e-05       27.1%
2026-08-22 14:05:59 - emm_dti - INFO - test_gradient_flow:146 - protein_mamba.backward_layers.0.D                  1.792580e-05    1.372625e-04        0.0%
2026-08-22 14:05:59 - emm_dti - INFO - test_gradient_flow:146 - protein_mamba.backward_layers.0.in_proj.weight     2.431274e-05    7.971848e-04        0.0%
2026-08-22 14:05:59 - emm_dti - INFO - test_gradient_flow:146 - protein_mamba.backward_layers.0.in_proj.bias       3.143847e-05    3.411396e-04        0.0%
2026-08-22 14:05:59 - emm_dti - INFO - test_gradient_flow:146 - protein_mamba.backward_layers.0.conv1d.weight      2.259211e-05    1.997713e-04        0.2%
2026-08-22 14:05:59 - emm_dti - INFO - test_gradient_flow:146 - protein_mamba.backward_layers.0.conv1d.bias        4.217317e-05    3.055842e-04        0.0%
2026-08-22 14:05:59 - emm_dti - INFO - test_gradient_flow:146 - protein_mamba.backward_layers.0.x_proj.weight      2.309954e-06    1.789348e-04        0.8%
2026-08-22 14:05:59 - emm_dti - INFO - test_gradient_flow:146 - protein_mamba.backward_layers.0.dt_proj.weight     3.573798e-07    9.536339e-06        8.8%
2026-08-22 14:05:59 - emm_dti - INFO - test_gradient_flow:146 - protein_mamba.backward_layers.0.dt_proj.bias       7.132932e-07    1.017397e-05        3.9%
2026-08-22 14:05:59 - emm_dti - INFO - test_gradient_flow:146 - protein_mamba.backward_layers.0.out_proj.weight    2.346762e-05    6.871943e-04        0.0%
2026-08-22 14:05:59 - emm_dti - INFO - test_gradient_flow:146 - protein_mamba.backward_layers.0.out_proj.bias      6.293192e-04    2.589708e-03        0.0%
2026-08-22 14:05:59 - emm_dti - INFO - test_gradient_flow:146 - protein_mamba.backward_layers.1.A_log              9.295454e-08    3.633869e-06       41.8%
2026-08-22 14:05:59 - emm_dti - INFO - test_gradient_flow:146 - protein_mamba.backward_layers.1.D                  3.488905e-05    1.756807e-04        0.0%
2026-08-22 14:05:59 - emm_dti - INFO - test_gradient_flow:146 - protein_mamba.backward_layers.1.in_proj.weight     2.553308e-05    6.195991e-04        0.1%
2026-08-22 14:05:59 - emm_dti - INFO - test_gradient_flow:146 - protein_mamba.backward_layers.1.in_proj.bias       3.128769e-04    3.064327e-03        0.0%
2026-08-22 14:05:59 - emm_dti - INFO - test_gradient_flow:146 - protein_mamba.backward_layers.1.conv1d.weight      1.805240e-05    1.522529e-04        0.6%
2026-08-22 14:05:59 - emm_dti - INFO - test_gradient_flow:146 - protein_mamba.backward_layers.1.conv1d.bias        1.707319e-04    9.410012e-04        0.0%
2026-08-22 14:05:59 - emm_dti - INFO - test_gradient_flow:146 - protein_mamba.backward_layers.1.x_proj.weight      4.697992e-07    5.337977e-06        4.9%
2026-08-22 14:05:59 - emm_dti - INFO - test_gradient_flow:146 - protein_mamba.backward_layers.1.dt_proj.weight     2.468616e-08    2.847823e-07       53.1%
2026-08-22 14:05:59 - emm_dti - INFO - test_gradient_flow:146 - protein_mamba.backward_layers.1.dt_proj.bias       1.359823e-07    9.457050e-07       15.6%
2026-08-22 14:05:59 - emm_dti - INFO - test_gradient_flow:146 - protein_mamba.backward_layers.1.out_proj.weight    5.204531e-05    7.203514e-04        0.0%
2026-08-22 14:05:59 - emm_dti - INFO - test_gradient_flow:146 - protein_mamba.backward_layers.1.out_proj.bias      1.309129e-02    3.184677e-02        0.0%
2026-08-22 14:05:59 - emm_dti - INFO - test_gradient_flow:146 - protein_mamba.output_proj.weight                   6.920324e-04    4.303984e-03        0.0%
2026-08-22 14:05:59 - emm_dti - INFO - test_gradient_flow:146 - protein_mamba.output_proj.bias                     1.583703e-02    4.725705e-02        0.0%
2026-08-22 14:05:59 - emm_dti - INFO - test_gradient_flow:146 - interaction_cnn.0.weight                           1.308057e-03    2.473965e-03       14.8%
2026-08-22 14:05:59 - emm_dti - INFO - test_gradient_flow:146 - interaction_cnn.0.bias                             1.643958e-03    1.924337e-03        0.0%
2026-08-22 14:05:59 - emm_dti - INFO - test_gradient_flow:146 - predictor.0.weight                                 5.274347e-04    1.321284e-02       51.2%
2026-08-22 14:05:59 - emm_dti - INFO - test_gradient_flow:146 - predictor.0.bias                                   2.319753e-03    1.583795e-02       51.2%
2026-08-22 14:05:59 - emm_dti - INFO - test_gradient_flow:146 - predictor.3.weight                                 3.849722e-04    1.817509e-02       66.7%
2026-08-22 14:05:59 - emm_dti - INFO - test_gradient_flow:146 - predictor.3.bias                                   4.007062e-03    2.128199e-02       31.2%
2026-08-22 14:05:59 - emm_dti - INFO - test_gradient_flow:146 - predictor.6.weight                                 6.920414e-03    7.609869e-02       31.2%
2026-08-22 14:05:59 - emm_dti - INFO - test_gradient_flow:146 - predictor.6.bias                                   8.739127e-02    8.739127e-02        0.0%
2026-08-22 14:05:59 - emm_dti - INFO - test_gradient_flow:156 - ------------------------------------------------------------------------------------------
2026-08-22 14:05:59 - emm_dti - INFO - test_gradient_flow:157 - TOTAL                                              Total Norm      4.980652e-01       12.1%
2026-08-22 14:05:59 - emm_dti - INFO - test_gradient_flow:167 - ✅ Gradient flow looks healthy!
2026-08-22 14:05:59 - emm_dti - INFO - test_gradient_flow:174 - Loss decreased: 0.691002
2026-08-22 14:06:00 - emm_dti - INFO - test_gradient_flow:102 - 
--- Batch 4/5 ---
2026-08-22 14:06:00 - emm_dti - INFO - test_gradient_flow:113 - Loss: 0.717859
2026-08-22 14:06:00 - emm_dti - INFO - test_gradient_flow:120 - 
Gradient Statistics:
2026-08-22 14:06:00 - emm_dti - INFO - test_gradient_flow:121 - Layer                                              Mean Grad       Max Grad        Dead (0s)
2026-08-22 14:06:00 - emm_dti - INFO - test_gradient_flow:122 - ------------------------------------------------------------------------------------------
2026-08-22 14:06:00 - emm_dti - INFO - test_gradient_flow:146 - embedding.weight                                   2.624655e-05    7.621786e-04        2.0%
2026-08-22 14:06:00 - emm_dti - INFO - test_gradient_flow:146 - embedding_norm.weight                              1.554547e-04    7.067954e-04        0.0%
2026-08-22 14:06:00 - emm_dti - INFO - test_gradient_flow:146 - embedding_norm.bias                                2.212423e-04    6.972116e-04        0.0%
2026-08-22 14:06:00 - emm_dti - INFO - test_gradient_flow:146 - drug_mamba.output_scale                            8.631909e-03    8.631909e-03        0.0%
2026-08-22 14:06:00 - emm_dti - INFO - test_gradient_flow:146 - drug_mamba.input_proj.weight                       1.455774e-04    8.747801e-04        0.0%
2026-08-22 14:06:00 - emm_dti - INFO - test_gradient_flow:146 - drug_mamba.input_proj.bias                         1.701994e-04    3.906809e-04        0.0%
2026-08-22 14:06:00 - emm_dti - INFO - test_gradient_flow:146 - drug_mamba.forward_layers.0.A_log                  2.493511e-07    1.866744e-05       23.7%
2026-08-22 14:06:00 - emm_dti - INFO - test_gradient_flow:146 - drug_mamba.forward_layers.0.D                      5.077708e-05    7.240951e-04        0.0%
2026-08-22 14:06:00 - emm_dti - INFO - test_gradient_flow:146 - drug_mamba.forward_layers.0.in_proj.weight         6.431971e-05    2.362570e-03        0.0%
2026-08-22 14:06:00 - emm_dti - INFO - test_gradient_flow:146 - drug_mamba.forward_layers.0.in_proj.bias           5.908088e-05    7.511068e-04        0.0%
2026-08-22 14:06:00 - emm_dti - INFO - test_gradient_flow:146 - drug_mamba.forward_layers.0.conv1d.weight          7.860425e-05    7.870594e-04        0.0%
2026-08-22 14:06:00 - emm_dti - INFO - test_gradient_flow:146 - drug_mamba.forward_layers.0.conv1d.bias            1.064510e-04    6.693160e-04        0.0%
2026-08-22 14:06:00 - emm_dti - INFO - test_gradient_flow:146 - drug_mamba.forward_layers.0.x_proj.weight          2.440888e-06    7.751623e-05        0.7%
2026-08-22 14:06:00 - emm_dti - INFO - test_gradient_flow:146 - drug_mamba.forward_layers.0.dt_proj.weight         1.640224e-07    3.558943e-06       14.3%
2026-08-22 14:06:00 - emm_dti - INFO - test_gradient_flow:146 - drug_mamba.forward_layers.0.dt_proj.bias           4.551675e-07    5.655173e-06        5.5%
2026-08-22 14:06:00 - emm_dti - INFO - test_gradient_flow:146 - drug_mamba.forward_layers.0.out_proj.weight        6.614620e-05    1.503722e-03        0.0%
2026-08-22 14:06:00 - emm_dti - INFO - test_gradient_flow:146 - drug_mamba.forward_layers.0.out_proj.bias          1.142412e-03    3.477303e-03        0.0%
2026-08-22 14:06:00 - emm_dti - INFO - test_gradient_flow:146 - drug_mamba.forward_layers.1.A_log                  2.250836e-07    2.739027e-05       32.8%
2026-08-22 14:06:00 - emm_dti - INFO - test_gradient_flow:146 - drug_mamba.forward_layers.1.D                      1.088163e-04    1.133037e-03        0.0%
2026-08-22 14:06:00 - emm_dti - INFO - test_gradient_flow:146 - drug_mamba.forward_layers.1.in_proj.weight         7.380326e-05    1.996155e-03        0.1%
2026-08-22 14:06:00 - emm_dti - INFO - test_gradient_flow:146 - drug_mamba.forward_layers.1.in_proj.bias           6.575176e-04    6.397341e-03        0.0%
2026-08-22 14:06:00 - emm_dti - INFO - test_gradient_flow:146 - drug_mamba.forward_layers.1.conv1d.weight          3.979050e-05    4.215231e-04        0.0%
2026-08-22 14:06:00 - emm_dti - INFO - test_gradient_flow:146 - drug_mamba.forward_layers.1.conv1d.bias            3.795660e-04    2.926913e-03        0.0%
2026-08-22 14:06:00 - emm_dti - INFO - test_gradient_flow:146 - drug_mamba.forward_layers.1.x_proj.weight          5.815820e-06    1.339839e-04        0.4%
2026-08-22 14:06:00 - emm_dti - INFO - test_gradient_flow:146 - drug_mamba.forward_layers.1.dt_proj.weight         5.880985e-08    1.423255e-06       44.9%
2026-08-22 14:06:00 - emm_dti - INFO - test_gradient_flow:146 - drug_mamba.forward_layers.1.dt_proj.bias           1.071058e-06    9.915666e-06        2.3%
2026-08-22 14:06:00 - emm_dti - INFO - test_gradient_flow:146 - drug_mamba.forward_layers.1.out_proj.weight        1.434433e-04    1.807209e-03        0.0%
2026-08-22 14:06:00 - emm_dti - INFO - test_gradient_flow:146 - drug_mamba.forward_layers.1.out_proj.bias          2.482568e-02    6.234574e-02        0.0%
2026-08-22 14:06:00 - emm_dti - INFO - test_gradient_flow:146 - drug_mamba.backward_layers.0.A_log                 1.270634e-06    9.974023e-05       13.1%
2026-08-22 14:06:00 - emm_dti - INFO - test_gradient_flow:146 - drug_mamba.backward_layers.0.D                     7.643393e-05    1.509836e-03        0.0%
2026-08-22 14:06:00 - emm_dti - INFO - test_gradient_flow:146 - drug_mamba.backward_layers.0.in_proj.weight        7.055097e-05    3.001358e-03        0.0%
2026-08-22 14:06:00 - emm_dti - INFO - test_gradient_flow:146 - drug_mamba.backward_layers.0.in_proj.bias          6.912390e-05    8.993885e-04        0.0%
2026-08-22 14:06:00 - emm_dti - INFO - test_gradient_flow:146 - drug_mamba.backward_layers.0.conv1d.weight         1.028148e-04    1.046121e-03        0.0%
2026-08-22 14:06:00 - emm_dti - INFO - test_gradient_flow:146 - drug_mamba.backward_layers.0.conv1d.bias           1.391541e-04    1.059219e-03        0.0%
2026-08-22 14:06:00 - emm_dti - INFO - test_gradient_flow:146 - drug_mamba.backward_layers.0.x_proj.weight         2.511761e-05    1.281210e-03        0.2%
2026-08-22 14:06:00 - emm_dti - INFO - test_gradient_flow:146 - drug_mamba.backward_layers.0.dt_proj.weight        1.035892e-05    3.435607e-04        0.4%
2026-08-22 14:06:00 - emm_dti - INFO - test_gradient_flow:146 - drug_mamba.backward_layers.0.dt_proj.bias          1.946220e-05    3.897251e-04        1.6%
2026-08-22 14:06:00 - emm_dti - INFO - test_gradient_flow:146 - drug_mamba.backward_layers.0.out_proj.weight       5.542245e-05    4.428798e-03        0.0%
2026-08-22 14:06:00 - emm_dti - INFO - test_gradient_flow:146 - drug_mamba.backward_layers.0.out_proj.bias         1.560791e-03    4.929923e-03        0.0%
2026-08-22 14:06:00 - emm_dti - INFO - test_gradient_flow:146 - drug_mamba.backward_layers.1.A_log                 1.563529e-07    4.257744e-06       32.2%
2026-08-22 14:06:00 - emm_dti - INFO - test_gradient_flow:146 - drug_mamba.backward_layers.1.D                     1.188095e-04    1.894256e-03        0.0%
2026-08-22 14:06:00 - emm_dti - INFO - test_gradient_flow:146 - drug_mamba.backward_layers.1.in_proj.weight        8.215490e-05    1.606549e-03        0.1%
2026-08-22 14:06:00 - emm_dti - INFO - test_gradient_flow:146 - drug_mamba.backward_layers.1.in_proj.bias          9.481811e-04    6.811847e-03        0.0%
2026-08-22 14:06:00 - emm_dti - INFO - test_gradient_flow:146 - drug_mamba.backward_layers.1.conv1d.weight         4.238520e-05    4.306653e-04        0.0%
2026-08-22 14:06:00 - emm_dti - INFO - test_gradient_flow:146 - drug_mamba.backward_layers.1.conv1d.bias           4.303243e-04    4.411917e-03        0.0%
2026-08-22 14:06:00 - emm_dti - INFO - test_gradient_flow:146 - drug_mamba.backward_layers.1.x_proj.weight         3.432492e-06    5.250859e-05        1.2%
2026-08-22 14:06:00 - emm_dti - INFO - test_gradient_flow:146 - drug_mamba.backward_layers.1.dt_proj.weight        2.311219e-08    8.062555e-07       51.0%
2026-08-22 14:06:00 - emm_dti - INFO - test_gradient_flow:146 - drug_mamba.backward_layers.1.dt_proj.bias          1.427333e-07    2.350560e-06       14.1%
2026-08-22 14:06:00 - emm_dti - INFO - test_gradient_flow:146 - drug_mamba.backward_layers.1.out_proj.weight       1.403592e-04    3.669786e-03        0.0%
2026-08-22 14:06:00 - emm_dti - INFO - test_gradient_flow:146 - drug_mamba.backward_layers.1.out_proj.bias         2.863961e-02    1.072399e-01        0.0%
2026-08-22 14:06:00 - emm_dti - INFO - test_gradient_flow:146 - drug_mamba.output_proj.weight                      1.501577e-03    1.096019e-02        0.0%
2026-08-22 14:06:00 - emm_dti - INFO - test_gradient_flow:146 - drug_mamba.output_proj.bias                        3.305447e-02    1.031634e-01        0.0%
2026-08-22 14:06:00 - emm_dti - INFO - test_gradient_flow:146 - protein_mamba.output_scale                         7.562812e-04    7.562812e-04        0.0%
2026-08-22 14:06:00 - emm_dti - INFO - test_gradient_flow:146 - protein_mamba.input_proj.weight                    9.582375e-05    7.434637e-04        0.0%
2026-08-22 14:06:00 - emm_dti - INFO - test_gradient_flow:146 - protein_mamba.input_proj.bias                      1.754166e-04    6.011302e-04        0.0%
2026-08-22 14:06:00 - emm_dti - INFO - test_gradient_flow:146 - protein_mamba.forward_layers.0.A_log               1.801319e-07    6.997858e-06       21.9%
2026-08-22 14:06:00 - emm_dti - INFO - test_gradient_flow:146 - protein_mamba.forward_layers.0.D                   4.009549e-05    2.915872e-04        0.0%
2026-08-22 14:06:00 - emm_dti - INFO - test_gradient_flow:146 - protein_mamba.forward_layers.0.in_proj.weight      4.669273e-05    1.493871e-03        0.0%
2026-08-22 14:06:00 - emm_dti - INFO - test_gradient_flow:146 - protein_mamba.forward_layers.0.in_proj.bias        7.677033e-05    9.145503e-04        0.0%
2026-08-22 14:06:00 - emm_dti - INFO - test_gradient_flow:146 - protein_mamba.forward_layers.0.conv1d.weight       4.503900e-05    4.352262e-04        0.0%
2026-08-22 14:06:00 - emm_dti - INFO - test_gradient_flow:146 - protein_mamba.forward_layers.0.conv1d.bias         1.151280e-04    1.125690e-03        0.0%
2026-08-22 14:06:00 - emm_dti - INFO - test_gradient_flow:146 - protein_mamba.forward_layers.0.x_proj.weight       4.545222e-06    1.550307e-04        0.7%
2026-08-22 14:06:00 - emm_dti - INFO - test_gradient_flow:146 - protein_mamba.forward_layers.0.dt_proj.weight      1.622012e-07    2.938213e-06       12.7%
2026-08-22 14:06:00 - emm_dti - INFO - test_gradient_flow:146 - protein_mamba.forward_layers.0.dt_proj.bias        4.940504e-07    4.780236e-06        3.1%
2026-08-22 14:06:00 - emm_dti - INFO - test_gradient_flow:146 - protein_mamba.forward_layers.0.out_proj.weight     5.252492e-05    2.288000e-03        0.0%
2026-08-22 14:06:00 - emm_dti - INFO - test_gradient_flow:146 - protein_mamba.forward_layers.0.out_proj.bias       1.670014e-03    6.202602e-03        0.0%
2026-08-22 14:06:00 - emm_dti - INFO - test_gradient_flow:146 - protein_mamba.forward_layers.1.A_log               4.330668e-07    2.677585e-05       23.3%
2026-08-22 14:06:00 - emm_dti - INFO - test_gradient_flow:146 - protein_mamba.forward_layers.1.D                   1.237343e-04    1.912187e-03        0.0%
2026-08-22 14:06:00 - emm_dti - INFO - test_gradient_flow:146 - protein_mamba.forward_layers.1.in_proj.weight      5.802538e-05    2.872566e-03        0.1%
2026-08-22 14:06:00 - emm_dti - INFO - test_gradient_flow:146 - protein_mamba.forward_layers.1.in_proj.bias        8.855421e-04    1.555579e-02        0.0%
2026-08-22 14:06:00 - emm_dti - INFO - test_gradient_flow:146 - protein_mamba.forward_layers.1.conv1d.weight       3.901987e-05    3.110997e-04        0.0%
2026-08-22 14:06:00 - emm_dti - INFO - test_gradient_flow:146 - protein_mamba.forward_layers.1.conv1d.bias         4.863736e-04    5.108459e-03        0.0%
2026-08-22 14:06:00 - emm_dti - INFO - test_gradient_flow:146 - protein_mamba.forward_layers.1.x_proj.weight       4.444891e-06    6.227202e-05        0.5%
2026-08-22 14:06:00 - emm_dti - INFO - test_gradient_flow:146 - protein_mamba.forward_layers.1.dt_proj.weight      2.267583e-07    7.280579e-06       12.7%
2026-08-22 14:06:00 - emm_dti - INFO - test_gradient_flow:146 - protein_mamba.forward_layers.1.dt_proj.bias        1.495382e-06    2.157832e-05        2.3%
2026-08-22 14:06:00 - emm_dti - INFO - test_gradient_flow:146 - protein_mamba.forward_layers.1.out_proj.weight     1.291846e-04    2.127554e-03        0.0%
2026-08-22 14:06:00 - emm_dti - INFO - test_gradient_flow:146 - protein_mamba.forward_layers.1.out_proj.bias       2.878786e-02    1.066435e-01        0.0%
2026-08-22 14:06:00 - emm_dti - INFO - test_gradient_flow:146 - protein_mamba.backward_layers.0.A_log              1.869300e-07    2.554725e-05       22.6%
2026-08-22 14:06:00 - emm_dti - INFO - test_gradient_flow:146 - protein_mamba.backward_layers.0.D                  3.113611e-05    2.458637e-04        0.0%
2026-08-22 14:06:00 - emm_dti - INFO - test_gradient_flow:146 - protein_mamba.backward_layers.0.in_proj.weight     4.063392e-05    9.437920e-04        0.0%
2026-08-22 14:06:00 - emm_dti - INFO - test_gradient_flow:146 - protein_mamba.backward_layers.0.in_proj.bias       5.909783e-05    4.473295e-04        0.0%
2026-08-22 14:06:00 - emm_dti - INFO - test_gradient_flow:146 - protein_mamba.backward_layers.0.conv1d.weight      4.186693e-05    3.191581e-04        0.0%
2026-08-22 14:06:00 - emm_dti - INFO - test_gradient_flow:146 - protein_mamba.backward_layers.0.conv1d.bias        8.310955e-05    5.557807e-04        0.0%
2026-08-22 14:06:00 - emm_dti - INFO - test_gradient_flow:146 - protein_mamba.backward_layers.0.x_proj.weight      5.897885e-06    4.599199e-04        0.5%
2026-08-22 14:06:00 - emm_dti - INFO - test_gradient_flow:146 - protein_mamba.backward_layers.0.dt_proj.weight     5.837206e-07    1.564668e-05        7.2%
2026-08-22 14:06:00 - emm_dti - INFO - test_gradient_flow:146 - protein_mamba.backward_layers.0.dt_proj.bias       1.153954e-06    1.747252e-05        2.3%
2026-08-22 14:06:00 - emm_dti - INFO - test_gradient_flow:146 - protein_mamba.backward_layers.0.out_proj.weight    4.287757e-05    1.970318e-03        0.0%
2026-08-22 14:06:00 - emm_dti - INFO - test_gradient_flow:146 - protein_mamba.backward_layers.0.out_proj.bias      1.277024e-03    6.117960e-03        0.0%
2026-08-22 14:06:00 - emm_dti - INFO - test_gradient_flow:146 - protein_mamba.backward_layers.1.A_log              2.324451e-07    8.636587e-06       34.1%
2026-08-22 14:06:00 - emm_dti - INFO - test_gradient_flow:146 - protein_mamba.backward_layers.1.D                  9.100784e-05    5.820976e-04        0.0%
2026-08-22 14:06:00 - emm_dti - INFO - test_gradient_flow:146 - protein_mamba.backward_layers.1.in_proj.weight     5.794811e-05    1.559776e-03        0.1%
2026-08-22 14:06:00 - emm_dti - INFO - test_gradient_flow:146 - protein_mamba.backward_layers.1.in_proj.bias       7.487828e-04    7.647924e-03        0.0%
2026-08-22 14:06:00 - emm_dti - INFO - test_gradient_flow:146 - protein_mamba.backward_layers.1.conv1d.weight      3.627352e-05    3.820304e-04        0.2%
2026-08-22 14:06:00 - emm_dti - INFO - test_gradient_flow:146 - protein_mamba.backward_layers.1.conv1d.bias        4.097659e-04    2.028361e-03        0.0%
2026-08-22 14:06:00 - emm_dti - INFO - test_gradient_flow:146 - protein_mamba.backward_layers.1.x_proj.weight      1.426965e-06    2.796965e-05        3.1%
2026-08-22 14:06:00 - emm_dti - INFO - test_gradient_flow:146 - protein_mamba.backward_layers.1.dt_proj.weight     6.070094e-08    7.121294e-07       39.5%
2026-08-22 14:06:00 - emm_dti - INFO - test_gradient_flow:146 - protein_mamba.backward_layers.1.dt_proj.bias       3.341734e-07    2.327621e-06        9.4%
2026-08-22 14:06:00 - emm_dti - INFO - test_gradient_flow:146 - protein_mamba.backward_layers.1.out_proj.weight    1.049626e-04    2.225438e-03        0.0%
2026-08-22 14:06:00 - emm_dti - INFO - test_gradient_flow:146 - protein_mamba.backward_layers.1.out_proj.bias      2.705564e-02    9.961024e-02        0.0%
2026-08-22 14:06:00 - emm_dti - INFO - test_gradient_flow:146 - protein_mamba.output_proj.weight                   1.481933e-03    1.038231e-02        0.0%
2026-08-22 14:06:00 - emm_dti - INFO - test_gradient_flow:146 - protein_mamba.output_proj.bias                     3.389993e-02    1.137406e-01        0.0%
2026-08-22 14:06:00 - emm_dti - INFO - test_gradient_flow:146 - interaction_cnn.0.weight                           2.222016e-03    4.884833e-03       11.1%
2026-08-22 14:06:00 - emm_dti - INFO - test_gradient_flow:146 - interaction_cnn.0.bias                             2.333342e-03    3.702002e-03        0.0%
2026-08-22 14:06:00 - emm_dti - INFO - test_gradient_flow:146 - predictor.0.weight                                 1.171159e-03    3.827161e-02       51.2%
2026-08-22 14:06:00 - emm_dti - INFO - test_gradient_flow:146 - predictor.0.bias                                   5.124974e-03    4.158525e-02       51.2%
2026-08-22 14:06:00 - emm_dti - INFO - test_gradient_flow:146 - predictor.3.weight                                 9.648752e-04    4.101956e-02       66.7%
2026-08-22 14:06:00 - emm_dti - INFO - test_gradient_flow:146 - predictor.3.bias                                   1.029687e-02    4.663375e-02       30.5%
2026-08-22 14:06:00 - emm_dti - INFO - test_gradient_flow:146 - predictor.6.weight                                 1.740955e-02    1.325923e-01       30.5%
2026-08-22 14:06:00 - emm_dti - INFO - test_gradient_flow:146 - predictor.6.bias                                   2.329302e-01    2.329302e-01        0.0%
2026-08-22 14:06:00 - emm_dti - INFO - test_gradient_flow:156 - ------------------------------------------------------------------------------------------
2026-08-22 14:06:00 - emm_dti - INFO - test_gradient_flow:157 - TOTAL                                              Total Norm      1.158790e+00       11.6%
2026-08-22 14:06:00 - emm_dti - INFO - test_gradient_flow:167 - ✅ Gradient flow looks healthy!
2026-08-22 14:06:00 - emm_dti - INFO - test_gradient_flow:174 - Loss decreased: 0.717859
2026-08-22 14:06:00 - emm_dti - INFO - test_gradient_flow:102 - 
--- Batch 5/5 ---
2026-08-22 14:06:00 - emm_dti - INFO - test_gradient_flow:113 - Loss: 0.701426
2026-08-22 14:06:00 - emm_dti - INFO - test_gradient_flow:120 - 
Gradient Statistics:
2026-08-22 14:06:00 - emm_dti - INFO - test_gradient_flow:121 - Layer                                              Mean Grad       Max Grad        Dead (0s)
2026-08-22 14:06:00 - emm_dti - INFO - test_gradient_flow:122 - ------------------------------------------------------------------------------------------
2026-08-22 14:06:00 - emm_dti - INFO - test_gradient_flow:146 - embedding.weight                                   2.488423e-05    1.071990e-03        1.0%
2026-08-22 14:06:00 - emm_dti - INFO - test_gradient_flow:146 - embedding_norm.weight                              9.008921e-05    4.253639e-04        0.0%
2026-08-22 14:06:00 - emm_dti - INFO - test_gradient_flow:146 - embedding_norm.bias                                1.033473e-04    3.370022e-04        0.0%
2026-08-22 14:06:00 - emm_dti - INFO - test_gradient_flow:146 - drug_mamba.output_scale                            4.793421e-03    4.793421e-03        0.0%
2026-08-22 14:06:00 - emm_dti - INFO - test_gradient_flow:146 - drug_mamba.input_proj.weight                       9.564786e-05    7.080800e-04        0.0%
2026-08-22 14:06:00 - emm_dti - INFO - test_gradient_flow:146 - drug_mamba.input_proj.bias                         9.253510e-05    3.515041e-04        0.0%
2026-08-22 14:06:00 - emm_dti - INFO - test_gradient_flow:146 - drug_mamba.forward_layers.0.A_log                  2.157265e-07    1.923752e-05       30.2%
2026-08-22 14:06:00 - emm_dti - INFO - test_gradient_flow:146 - drug_mamba.forward_layers.0.D                      4.337799e-05    7.725133e-04        0.0%
2026-08-22 14:06:00 - emm_dti - INFO - test_gradient_flow:146 - drug_mamba.forward_layers.0.in_proj.weight         4.923276e-05    1.492466e-03        0.0%
2026-08-22 14:06:00 - emm_dti - INFO - test_gradient_flow:146 - drug_mamba.forward_layers.0.in_proj.bias           4.767293e-05    4.606215e-04        0.0%
2026-08-22 14:06:00 - emm_dti - INFO - test_gradient_flow:146 - drug_mamba.forward_layers.0.conv1d.weight          5.736836e-05    8.847938e-04        0.2%
2026-08-22 14:06:00 - emm_dti - INFO - test_gradient_flow:146 - drug_mamba.forward_layers.0.conv1d.bias            7.813040e-05    8.166510e-04        0.0%
2026-08-22 14:06:00 - emm_dti - INFO - test_gradient_flow:146 - drug_mamba.forward_layers.0.x_proj.weight          3.699837e-06    3.432540e-04        0.9%
2026-08-22 14:06:00 - emm_dti - INFO - test_gradient_flow:146 - drug_mamba.forward_layers.0.dt_proj.weight         1.652844e-07    5.109152e-06       14.3%
2026-08-22 14:06:00 - emm_dti - INFO - test_gradient_flow:146 - drug_mamba.forward_layers.0.dt_proj.bias           4.695299e-07    8.194165e-06        9.4%
2026-08-22 14:06:00 - emm_dti - INFO - test_gradient_flow:146 - drug_mamba.forward_layers.0.out_proj.weight        4.255098e-05    9.975348e-04        0.0%
2026-08-22 14:06:00 - emm_dti - INFO - test_gradient_flow:146 - drug_mamba.forward_layers.0.out_proj.bias          5.835518e-04    2.480892e-03        0.0%
2026-08-22 14:06:00 - emm_dti - INFO - test_gradient_flow:146 - drug_mamba.forward_layers.1.A_log                  1.182791e-07    5.456628e-06       39.4%
2026-08-22 14:06:00 - emm_dti - INFO - test_gradient_flow:146 - drug_mamba.forward_layers.1.D                      7.012643e-05    4.049739e-04        0.0%
2026-08-22 14:06:00 - emm_dti - INFO - test_gradient_flow:146 - drug_mamba.forward_layers.1.in_proj.weight         5.218574e-05    1.139795e-03        0.1%
2026-08-22 14:06:00 - emm_dti - INFO - test_gradient_flow:146 - drug_mamba.forward_layers.1.in_proj.bias           4.273902e-04    3.760603e-03        0.0%
2026-08-22 14:06:00 - emm_dti - INFO - test_gradient_flow:146 - drug_mamba.forward_layers.1.conv1d.weight          2.268469e-05    2.312396e-04        0.2%
2026-08-22 14:06:00 - emm_dti - INFO - test_gradient_flow:146 - drug_mamba.forward_layers.1.conv1d.bias            2.427143e-04    1.581260e-03        0.0%
2026-08-22 14:06:00 - emm_dti - INFO - test_gradient_flow:146 - drug_mamba.forward_layers.1.x_proj.weight          3.009739e-06    6.603721e-05        2.2%
2026-08-22 14:06:00 - emm_dti - INFO - test_gradient_flow:146 - drug_mamba.forward_layers.1.dt_proj.weight         3.800770e-08    5.720162e-07       52.3%
2026-08-22 14:06:00 - emm_dti - INFO - test_gradient_flow:146 - drug_mamba.forward_layers.1.dt_proj.bias           6.900118e-07    4.410552e-06        3.9%
2026-08-22 14:06:00 - emm_dti - INFO - test_gradient_flow:146 - drug_mamba.forward_layers.1.out_proj.weight        9.497583e-05    1.502535e-03        0.0%
2026-08-22 14:06:00 - emm_dti - INFO - test_gradient_flow:146 - drug_mamba.forward_layers.1.out_proj.bias          1.533972e-02    4.802538e-02        0.0%
2026-08-22 14:06:00 - emm_dti - INFO - test_gradient_flow:146 - drug_mamba.backward_layers.0.A_log                 7.832554e-07    9.436742e-05       15.1%
2026-08-22 14:06:00 - emm_dti - INFO - test_gradient_flow:146 - drug_mamba.backward_layers.0.D                     4.197505e-05    4.466675e-04        0.0%
2026-08-22 14:06:00 - emm_dti - INFO - test_gradient_flow:146 - drug_mamba.backward_layers.0.in_proj.weight        4.214426e-05    1.809050e-03        0.0%
2026-08-22 14:06:00 - emm_dti - INFO - test_gradient_flow:146 - drug_mamba.backward_layers.0.in_proj.bias          3.382943e-05    6.452189e-04        0.0%
2026-08-22 14:06:00 - emm_dti - INFO - test_gradient_flow:146 - drug_mamba.backward_layers.0.conv1d.weight         5.210464e-05    4.300119e-04        0.0%
2026-08-22 14:06:00 - emm_dti - INFO - test_gradient_flow:146 - drug_mamba.backward_layers.0.conv1d.bias           5.832335e-05    3.715813e-04        0.0%
2026-08-22 14:06:00 - emm_dti - INFO - test_gradient_flow:146 - drug_mamba.backward_layers.0.x_proj.weight         3.585684e-06    1.236722e-04        0.7%
2026-08-22 14:06:00 - emm_dti - INFO - test_gradient_flow:146 - drug_mamba.backward_layers.0.dt_proj.weight        5.177459e-06    1.541404e-04        0.8%
2026-08-22 14:06:00 - emm_dti - INFO - test_gradient_flow:146 - drug_mamba.backward_layers.0.dt_proj.bias          9.700063e-06    1.773298e-04        0.0%
2026-08-22 14:06:00 - emm_dti - INFO - test_gradient_flow:146 - drug_mamba.backward_layers.0.out_proj.weight       3.778176e-05    2.029694e-03        0.1%
2026-08-22 14:06:00 - emm_dti - INFO - test_gradient_flow:146 - drug_mamba.backward_layers.0.out_proj.bias         7.362515e-04    2.051968e-03        0.0%
2026-08-22 14:06:00 - emm_dti - INFO - test_gradient_flow:146 - drug_mamba.backward_layers.1.A_log                 7.955808e-08    1.465572e-06       36.6%
2026-08-22 14:06:00 - emm_dti - INFO - test_gradient_flow:146 - drug_mamba.backward_layers.1.D                     5.209406e-05    2.973523e-04        0.0%
2026-08-22 14:06:00 - emm_dti - INFO - test_gradient_flow:146 - drug_mamba.backward_layers.1.in_proj.weight        4.422930e-05    8.785231e-04        0.1%
2026-08-22 14:06:00 - emm_dti - INFO - test_gradient_flow:146 - drug_mamba.backward_layers.1.in_proj.bias          4.232775e-04    3.193895e-03        0.0%
2026-08-22 14:06:00 - emm_dti - INFO - test_gradient_flow:146 - drug_mamba.backward_layers.1.conv1d.weight         2.031724e-05    1.846503e-04        0.0%
2026-08-22 14:06:00 - emm_dti - INFO - test_gradient_flow:146 - drug_mamba.backward_layers.1.conv1d.bias           2.105315e-04    1.466155e-03        0.0%
2026-08-22 14:06:00 - emm_dti - INFO - test_gradient_flow:146 - drug_mamba.backward_layers.1.x_proj.weight         3.354367e-06    4.133295e-05        6.6%
2026-08-22 14:06:00 - emm_dti - INFO - test_gradient_flow:146 - drug_mamba.backward_layers.1.dt_proj.weight        1.174945e-08    2.114283e-07       68.8%
2026-08-22 14:06:00 - emm_dti - INFO - test_gradient_flow:146 - drug_mamba.backward_layers.1.dt_proj.bias          7.392275e-08    6.169915e-07       21.1%
2026-08-22 14:06:00 - emm_dti - INFO - test_gradient_flow:146 - drug_mamba.backward_layers.1.out_proj.weight       8.741325e-05    1.740001e-03        0.0%
2026-08-22 14:06:00 - emm_dti - INFO - test_gradient_flow:146 - drug_mamba.backward_layers.1.out_proj.bias         1.619115e-02    4.283784e-02        0.0%
2026-08-22 14:06:00 - emm_dti - INFO - test_gradient_flow:146 - drug_mamba.output_proj.weight                      8.440839e-04    5.999279e-03        0.0%
2026-08-22 14:06:00 - emm_dti - INFO - test_gradient_flow:146 - drug_mamba.output_proj.bias                        1.848418e-02    5.824824e-02        0.0%
2026-08-22 14:06:00 - emm_dti - INFO - test_gradient_flow:146 - protein_mamba.output_scale                         3.601919e-04    3.601919e-04        0.0%
2026-08-22 14:06:00 - emm_dti - INFO - test_gradient_flow:146 - protein_mamba.input_proj.weight                    5.852836e-05    3.956700e-04        0.0%
2026-08-22 14:06:00 - emm_dti - INFO - test_gradient_flow:146 - protein_mamba.input_proj.bias                      8.754096e-05    2.564716e-04        0.0%
2026-08-22 14:06:00 - emm_dti - INFO - test_gradient_flow:146 - protein_mamba.forward_layers.0.A_log               1.190634e-07    5.192229e-06       24.1%
2026-08-22 14:06:00 - emm_dti - INFO - test_gradient_flow:146 - protein_mamba.forward_layers.0.D                   2.499230e-05    2.462611e-04        0.0%
2026-08-22 14:06:00 - emm_dti - INFO - test_gradient_flow:146 - protein_mamba.forward_layers.0.in_proj.weight      2.847796e-05    5.955023e-04        0.0%
2026-08-22 14:06:00 - emm_dti - INFO - test_gradient_flow:146 - protein_mamba.forward_layers.0.in_proj.bias        3.982987e-05    2.821166e-04        0.4%
2026-08-22 14:06:00 - emm_dti - INFO - test_gradient_flow:146 - protein_mamba.forward_layers.0.conv1d.weight       2.968212e-05    5.080267e-04        0.0%
2026-08-22 14:06:00 - emm_dti - INFO - test_gradient_flow:146 - protein_mamba.forward_layers.0.conv1d.bias         5.894635e-05    3.804283e-04        0.0%
2026-08-22 14:06:00 - emm_dti - INFO - test_gradient_flow:146 - protein_mamba.forward_layers.0.x_proj.weight       1.079699e-06    2.032780e-05        1.1%
2026-08-22 14:06:00 - emm_dti - INFO - test_gradient_flow:146 - protein_mamba.forward_layers.0.dt_proj.weight      1.312981e-07    2.508606e-06       13.1%
2026-08-22 14:06:00 - emm_dti - INFO - test_gradient_flow:146 - protein_mamba.forward_layers.0.dt_proj.bias        3.606672e-07    3.986214e-06        5.5%
2026-08-22 14:06:00 - emm_dti - INFO - test_gradient_flow:146 - protein_mamba.forward_layers.0.out_proj.weight     3.552520e-05    1.058815e-03        0.0%
2026-08-22 14:06:00 - emm_dti - INFO - test_gradient_flow:146 - protein_mamba.forward_layers.0.out_proj.bias       1.044230e-03    3.101979e-03        0.0%
2026-08-22 14:06:00 - emm_dti - INFO - test_gradient_flow:146 - protein_mamba.forward_layers.1.A_log               2.428239e-07    1.356388e-05       32.4%
2026-08-22 14:06:00 - emm_dti - INFO - test_gradient_flow:146 - protein_mamba.forward_layers.1.D                   6.380538e-05    1.145409e-03        0.0%
2026-08-22 14:06:00 - emm_dti - INFO - test_gradient_flow:146 - protein_mamba.forward_layers.1.in_proj.weight      3.118296e-05    1.572612e-03        0.1%
2026-08-22 14:06:00 - emm_dti - INFO - test_gradient_flow:146 - protein_mamba.forward_layers.1.in_proj.bias        4.531125e-04    8.758239e-03        0.0%
2026-08-22 14:06:00 - emm_dti - INFO - test_gradient_flow:146 - protein_mamba.forward_layers.1.conv1d.weight       2.131743e-05    2.003952e-04        0.0%
2026-08-22 14:06:00 - emm_dti - INFO - test_gradient_flow:146 - protein_mamba.forward_layers.1.conv1d.bias         2.566524e-04    3.010563e-03        0.0%
2026-08-22 14:06:00 - emm_dti - INFO - test_gradient_flow:146 - protein_mamba.forward_layers.1.x_proj.weight       1.631458e-06    2.125035e-05        1.6%
2026-08-22 14:06:00 - emm_dti - INFO - test_gradient_flow:146 - protein_mamba.forward_layers.1.dt_proj.weight      1.153871e-07    4.656318e-06       19.3%
2026-08-22 14:06:00 - emm_dti - INFO - test_gradient_flow:146 - protein_mamba.forward_layers.1.dt_proj.bias        7.606959e-07    1.359164e-05        1.6%
2026-08-22 14:06:00 - emm_dti - INFO - test_gradient_flow:146 - protein_mamba.forward_layers.1.out_proj.weight     7.352637e-05    1.090188e-03        0.0%
2026-08-22 14:06:00 - emm_dti - INFO - test_gradient_flow:146 - protein_mamba.forward_layers.1.out_proj.bias       1.639324e-02    5.509401e-02        0.0%
2026-08-22 14:06:00 - emm_dti - INFO - test_gradient_flow:146 - protein_mamba.backward_layers.0.A_log              1.727058e-07    2.820130e-05       23.3%
2026-08-22 14:06:00 - emm_dti - INFO - test_gradient_flow:146 - protein_mamba.backward_layers.0.D                  2.314940e-05    3.330213e-04        0.0%
2026-08-22 14:06:00 - emm_dti - INFO - test_gradient_flow:146 - protein_mamba.backward_layers.0.in_proj.weight     3.252153e-05    1.788814e-03        0.0%
2026-08-22 14:06:00 - emm_dti - INFO - test_gradient_flow:146 - protein_mamba.backward_layers.0.in_proj.bias       4.383647e-05    7.143222e-04        0.0%
2026-08-22 14:06:00 - emm_dti - INFO - test_gradient_flow:146 - protein_mamba.backward_layers.0.conv1d.weight      3.302977e-05    3.644479e-04        0.0%
2026-08-22 14:06:00 - emm_dti - INFO - test_gradient_flow:146 - protein_mamba.backward_layers.0.conv1d.bias        6.160788e-05    4.292764e-04        0.0%
2026-08-22 14:06:00 - emm_dti - INFO - test_gradient_flow:146 - protein_mamba.backward_layers.0.x_proj.weight      4.695398e-06    3.970533e-04        0.6%
2026-08-22 14:06:00 - emm_dti - INFO - test_gradient_flow:146 - protein_mamba.backward_layers.0.dt_proj.weight     5.147194e-07    2.478674e-05        5.7%
2026-08-22 14:06:00 - emm_dti - INFO - test_gradient_flow:146 - protein_mamba.backward_layers.0.dt_proj.bias       1.102915e-06    2.897695e-05        0.8%
2026-08-22 14:06:00 - emm_dti - INFO - test_gradient_flow:146 - protein_mamba.backward_layers.0.out_proj.weight    3.307249e-05    1.490363e-03        0.0%
2026-08-22 14:06:00 - emm_dti - INFO - test_gradient_flow:146 - protein_mamba.backward_layers.0.out_proj.bias      8.268320e-04    4.226657e-03        0.0%
2026-08-22 14:06:00 - emm_dti - INFO - test_gradient_flow:146 - protein_mamba.backward_layers.1.A_log              1.380966e-07    7.222326e-06       38.3%
2026-08-22 14:06:00 - emm_dti - INFO - test_gradient_flow:146 - protein_mamba.backward_layers.1.D                  5.668049e-05    5.691869e-04        0.8%
2026-08-22 14:06:00 - emm_dti - INFO - test_gradient_flow:146 - protein_mamba.backward_layers.1.in_proj.weight     3.619627e-05    9.370667e-04        0.1%
2026-08-22 14:06:00 - emm_dti - INFO - test_gradient_flow:146 - protein_mamba.backward_layers.1.in_proj.bias       4.479343e-04    5.138543e-03        0.0%
2026-08-22 14:06:00 - emm_dti - INFO - test_gradient_flow:146 - protein_mamba.backward_layers.1.conv1d.weight      2.213097e-05    2.456620e-04        0.0%
2026-08-22 14:06:00 - emm_dti - INFO - test_gradient_flow:146 - protein_mamba.backward_layers.1.conv1d.bias        2.511438e-04    1.470394e-03        0.0%
2026-08-22 14:06:00 - emm_dti - INFO - test_gradient_flow:146 - protein_mamba.backward_layers.1.x_proj.weight      1.111236e-06    1.758253e-05        5.0%
2026-08-22 14:06:00 - emm_dti - INFO - test_gradient_flow:146 - protein_mamba.backward_layers.1.dt_proj.weight     3.831632e-08    5.722385e-07       43.9%
2026-08-22 14:06:00 - emm_dti - INFO - test_gradient_flow:146 - protein_mamba.backward_layers.1.dt_proj.bias       2.083191e-07    1.840312e-06       11.7%
2026-08-22 14:06:00 - emm_dti - INFO - test_gradient_flow:146 - protein_mamba.backward_layers.1.out_proj.weight    7.005848e-05    1.170224e-03        0.0%
2026-08-22 14:06:00 - emm_dti - INFO - test_gradient_flow:146 - protein_mamba.backward_layers.1.out_proj.bias      1.787770e-02    5.039205e-02        0.0%
2026-08-22 14:06:00 - emm_dti - INFO - test_gradient_flow:146 - protein_mamba.output_proj.weight                   8.963692e-04    5.310487e-03        0.0%
2026-08-22 14:06:00 - emm_dti - INFO - test_gradient_flow:146 - protein_mamba.output_proj.bias                     2.052457e-02    5.782089e-02        0.0%
2026-08-22 14:06:00 - emm_dti - INFO - test_gradient_flow:146 - interaction_cnn.0.weight                           2.655320e-03    4.767162e-03       14.8%
2026-08-22 14:06:00 - emm_dti - INFO - test_gradient_flow:146 - interaction_cnn.0.bias                             4.054237e-03    5.322083e-03        0.0%
2026-08-22 14:06:00 - emm_dti - INFO - test_gradient_flow:146 - predictor.0.weight                                 6.373366e-04    1.730127e-02       51.2%
2026-08-22 14:06:00 - emm_dti - INFO - test_gradient_flow:146 - predictor.0.bias                                   2.797579e-03    1.863937e-02       51.2%
2026-08-22 14:06:00 - emm_dti - INFO - test_gradient_flow:146 - predictor.3.weight                                 5.503796e-04    2.079480e-02       64.9%
2026-08-22 14:06:00 - emm_dti - INFO - test_gradient_flow:146 - predictor.3.bias                                   5.556682e-03    3.034448e-02       27.3%
2026-08-22 14:06:00 - emm_dti - INFO - test_gradient_flow:146 - predictor.6.weight                                 8.643267e-03    8.496596e-02       27.3%
2026-08-22 14:06:00 - emm_dti - INFO - test_gradient_flow:146 - predictor.6.bias                                   1.005113e-01    1.005113e-01        0.0%
2026-08-22 14:06:00 - emm_dti - INFO - test_gradient_flow:156 - ------------------------------------------------------------------------------------------
2026-08-22 14:06:00 - emm_dti - INFO - test_gradient_flow:157 - TOTAL                                              Total Norm      6.526104e-01       11.8%
2026-08-22 14:06:00 - emm_dti - INFO - test_gradient_flow:167 - ✅ Gradient flow looks healthy!
2026-08-22 14:06:00 - emm_dti - INFO - test_gradient_flow:174 - Loss decreased: 0.701426
2026-08-22 14:06:01 - emm_dti - INFO - test_gradient_flow:176 - 
================================================================================
2026-08-22 14:06:01 - emm_dti - INFO - test_gradient_flow:177 - GRADIENT FLOW TEST COMPLETE
2026-08-22 14:06:01 - emm_dti - INFO - test_gradient_flow:178 - ================================================================================
2026-08-22 14:06:01 - emm_dti - INFO - test_gradient_flow:179 - 
Results saved to: /mnt/d/Projects/EMM_DTI_Replication/gradient_flow_logs/20260822_140548
2026-08-22 14:06:01 - emm_dti - INFO - test_gradient_flow:182 - 
✅ SUMMARY:
2026-08-22 14:06:01 - emm_dti - INFO - test_gradient_flow:183 - - Output scaling (4x) is being applied correctly
2026-08-22 14:06:01 - emm_dti - INFO - test_gradient_flow:184 - - Gradient clipping (clip_norm=1.0) is active
2026-08-22 14:06:01 - emm_dti - INFO - test_gradient_flow:185 - - Check above logs for gradient statistics per batch
